Archive member included to satisfy reference by file (symbol)

D:\Atmel\ArduinoSketch2\ArduinoSketch2\ArduinoCore\Debug\libArduinoCore.a(HardwareSerial.o)
                              Sketch.o (_ZN14HardwareSerial9availableEv)
D:\Atmel\ArduinoSketch2\ArduinoSketch2\ArduinoCore\Debug\libArduinoCore.a(HardwareSerial0.o)
                              Sketch.o (Serial)
D:\Atmel\ArduinoSketch2\ArduinoSketch2\ArduinoCore\Debug\libArduinoCore.a(main.o)
                              C:/Program Files (x86)/Atmel/Studio/7.0/Packs/atmel/ATmega_DFP/1.2.209/gcc/dev/atmega328p/avr5/crtatmega328p.o (main)
D:\Atmel\ArduinoSketch2\ArduinoSketch2\ArduinoCore\Debug\libArduinoCore.a(Print.o)
                              D:\Atmel\ArduinoSketch2\ArduinoSketch2\ArduinoCore\Debug\libArduinoCore.a(HardwareSerial.o) (_ZN5Print5writeEPKhj)
D:\Atmel\ArduinoSketch2\ArduinoSketch2\ArduinoCore\Debug\libArduinoCore.a(wiring.o)
                              Sketch.o (millis)
D:\Atmel\ArduinoSketch2\ArduinoSketch2\ArduinoCore\Debug\libArduinoCore.a(wiring_digital.o)
                              Sketch.o (digitalWrite)
D:\Atmel\ArduinoSketch2\ArduinoSketch2\ArduinoCore\Debug\libArduinoCore.a(WString.o)
                              Sketch.o (_ZN6StringD1Ev)
D:\Atmel\ArduinoSketch2\ArduinoSketch2\ArduinoCore\Debug\libArduinoCore.a(AccelStepper.o)
                              Sketch.o (_ZN12AccelStepper18setCurrentPositionEl)
D:\Atmel\ArduinoSketch2\ArduinoSketch2\ArduinoCore\Debug\libArduinoCore.a(MultiStepper.o)
                              Sketch.o (_ZN12MultiStepperC1Ev)
D:\Atmel\ArduinoSketch2\ArduinoSketch2\ArduinoCore\Debug\libArduinoCore.a(abi.o)
                              D:\Atmel\ArduinoSketch2\ArduinoSketch2\ArduinoCore\Debug\libArduinoCore.a(Print.o) (__cxa_pure_virtual)
D:\Atmel\ArduinoSketch2\ArduinoSketch2\ArduinoCore\Debug\libArduinoCore.a(hooks.o)
                              D:\Atmel\ArduinoSketch2\ArduinoSketch2\ArduinoCore\Debug\libArduinoCore.a(wiring.o) (yield)
c:/program files (x86)/atmel/studio/7.0/toolchain/avr8/avr8-gnu-toolchain/bin/../lib/gcc/avr/5.4.0/../../../../avr/lib/avr5\libm.a(addsf3.o)
                              D:\Atmel\ArduinoSketch2\ArduinoSketch2\ArduinoCore\Debug\libArduinoCore.a(Print.o) (__subsf3)
c:/program files (x86)/atmel/studio/7.0/toolchain/avr8/avr8-gnu-toolchain/bin/../lib/gcc/avr/5.4.0/../../../../avr/lib/avr5\libm.a(addsf3x.o)
                              c:/program files (x86)/atmel/studio/7.0/toolchain/avr8/avr8-gnu-toolchain/bin/../lib/gcc/avr/5.4.0/../../../../avr/lib/avr5\libm.a(addsf3.o) (__addsf3x)
c:/program files (x86)/atmel/studio/7.0/toolchain/avr8/avr8-gnu-toolchain/bin/../lib/gcc/avr/5.4.0/../../../../avr/lib/avr5\libm.a(cmpsf2.o)
                              D:\Atmel\ArduinoSketch2\ArduinoSketch2\ArduinoCore\Debug\libArduinoCore.a(AccelStepper.o) (__eqsf2)
c:/program files (x86)/atmel/studio/7.0/toolchain/avr8/avr8-gnu-toolchain/bin/../lib/gcc/avr/5.4.0/../../../../avr/lib/avr5\libm.a(divsf3.o)
                              D:\Atmel\ArduinoSketch2\ArduinoSketch2\ArduinoCore\Debug\libArduinoCore.a(Print.o) (__divsf3)
c:/program files (x86)/atmel/studio/7.0/toolchain/avr8/avr8-gnu-toolchain/bin/../lib/gcc/avr/5.4.0/../../../../avr/lib/avr5\libm.a(divsf3x.o)
                              c:/program files (x86)/atmel/studio/7.0/toolchain/avr8/avr8-gnu-toolchain/bin/../lib/gcc/avr/5.4.0/../../../../avr/lib/avr5\libm.a(divsf3.o) (__divsf3x)
c:/program files (x86)/atmel/studio/7.0/toolchain/avr8/avr8-gnu-toolchain/bin/../lib/gcc/avr/5.4.0/../../../../avr/lib/avr5\libm.a(fixsfsi.o)
                              D:\Atmel\ArduinoSketch2\ArduinoSketch2\ArduinoCore\Debug\libArduinoCore.a(AccelStepper.o) (__fixsfsi)
c:/program files (x86)/atmel/studio/7.0/toolchain/avr8/avr8-gnu-toolchain/bin/../lib/gcc/avr/5.4.0/../../../../avr/lib/avr5\libm.a(fixunssfsi.o)
                              D:\Atmel\ArduinoSketch2\ArduinoSketch2\ArduinoCore\Debug\libArduinoCore.a(Print.o) (__fixunssfsi)
c:/program files (x86)/atmel/studio/7.0/toolchain/avr8/avr8-gnu-toolchain/bin/../lib/gcc/avr/5.4.0/../../../../avr/lib/avr5\libm.a(floatsisf.o)
                              D:\Atmel\ArduinoSketch2\ArduinoSketch2\ArduinoCore\Debug\libArduinoCore.a(Print.o) (__floatunsisf)
c:/program files (x86)/atmel/studio/7.0/toolchain/avr8/avr8-gnu-toolchain/bin/../lib/gcc/avr/5.4.0/../../../../avr/lib/avr5\libm.a(fp_cmp.o)
                              c:/program files (x86)/atmel/studio/7.0/toolchain/avr8/avr8-gnu-toolchain/bin/../lib/gcc/avr/5.4.0/../../../../avr/lib/avr5\libm.a(cmpsf2.o) (__fp_cmp)
c:/program files (x86)/atmel/studio/7.0/toolchain/avr8/avr8-gnu-toolchain/bin/../lib/gcc/avr/5.4.0/../../../../avr/lib/avr5\libm.a(fp_inf.o)
                              c:/program files (x86)/atmel/studio/7.0/toolchain/avr8/avr8-gnu-toolchain/bin/../lib/gcc/avr/5.4.0/../../../../avr/lib/avr5\libm.a(addsf3x.o) (__fp_inf)
[...]
Memory Configuration

Name             Origin             Length             Attributes
text             0x00000000         0x00020000         xr
data             0x00800060         0x0000ffa0         rw !x
eeprom           0x00810000         0x00010000         rw !x
fuse             0x00820000         0x00000003         rw !x
lock             0x00830000         0x00000400         rw !x
signature        0x00840000         0x00000400         rw !x
user_signatures  0x00850000         0x00000400         rw !x
*default*        0x00000000         0xffffffff

Linker script and memory map

Address of section .data set to 0x800100
LOAD C:/Program Files (x86)/Atmel/Studio/7.0/Packs/atmel/ATmega_DFP/1.2.209/gcc/dev/atmega328p/avr5/crtatmega328p.o
LOAD Sketch.o
START GROUP
LOAD c:/program files (x86)/atmel/studio/7.0/toolchain/avr8/avr8-gnu-toolchain/bin/../lib/gcc/avr/5.4.0/../../../../avr/lib/avr5\libm.a
LOAD D:\Atmel\ArduinoSketch2\ArduinoSketch2\ArduinoCore\Debug\libArduinoCore.a
END GROUP
LOAD c:/program files (x86)/atmel/studio/7.0/toolchain/avr8/avr8-gnu-toolchain/bin/../lib/gcc/avr/5.4.0/avr5\libgcc.a
LOAD c:/program files (x86)/atmel/studio/7.0/toolchain/avr8/avr8-gnu-toolchain/bin/../lib/gcc/avr/5.4.0/../../../../avr/lib/avr5\libm.a
START GROUP
LOAD c:/program files (x86)/atmel/studio/7.0/toolchain/avr8/avr8-gnu-toolchain/bin/../lib/gcc/avr/5.4.0/avr5\libgcc.a
LOAD c:/program files (x86)/atmel/studio/7.0/toolchain/avr8/avr8-gnu-toolchain/bin/../lib/gcc/avr/5.4.0/../../../../avr/lib/avr5\libm.a
LOAD c:/program files (x86)/atmel/studio/7.0/toolchain/avr8/avr8-gnu-toolchain/bin/../lib/gcc/avr/5.4.0/../../../../avr/lib/avr5\libc.a
LOAD C:/Program Files (x86)/Atmel/Studio/7.0/Packs/atmel/ATmega_DFP/1.2.209/gcc/dev/atmega328p/avr5\libatmega328p.a
END GROUP
                0x00020000                __TEXT_REGION_LENGTH__ = DEFINED (__TEXT_REGION_LENGTH__)?__TEXT_REGION_LENGTH__:0x20000
                0x0000ffa0                __DATA_REGION_LENGTH__ = DEFINED (__DATA_REGION_LENGTH__)?__DATA_REGION_LENGTH__:0xffa0
                0x00010000                __EEPROM_REGION_LENGTH__ = DEFINED (__EEPROM_REGION_LENGTH__)?__EEPROM_REGION_LENGTH__:0x10000
                [0x00000003]                __FUSE_REGION_LENGTH__ = DEFINED (__FUSE_REGION_LENGTH__)?__FUSE_REGION_LENGTH__:0x400
                0x00000400                __LOCK_REGION_LENGTH__ = DEFINED (__LOCK_REGION_LENGTH__)?__LOCK_REGION_LENGTH__:0x400
                0x00000400                __SIGNATURE_REGION_LENGTH__ = DEFINED (__SIGNATURE_REGION_LENGTH__)?__SIGNATURE_REGION_LENGTH__:0x400
                0x00000400                __USER_SIGNATURE_REGION_LENGTH__ = DEFINED (__USER_SIGNATURE_REGION_LENGTH__)?__USER_SIGNATURE_REGION_LENGTH__:0x400

.hash
 *(.hash)

.dynsym
 *(.dynsym)

.dynstr
 *(.dynstr)

.gnu.version
 *(.gnu.version)

.gnu.version_d
 *(.gnu.version_d)

.gnu.version_r
 *(.gnu.version_r)

.rel.init
 *(.rel.init)

.rela.init
 *(.rela.init)

.rel.text
 *(.rel.text)
 *(.rel.text.*)
 *(.rel.gnu.linkonce.t*)

.rela.text
 *(.rela.text)
 *(.rela.text.*)
 *(.rela.gnu.linkonce.t*)

.rel.fini
 *(.rel.fini)

.rela.fini
 *(.rela.fini)

.rel.rodata
 *(.rel.rodata)
 *(.rel.rodata.*)
 *(.rel.gnu.linkonce.r*)

.rela.rodata
 *(.rela.rodata)
 *(.rela.rodata.*)
 *(.rela.gnu.linkonce.r*)

.rel.data
 *(.rel.data)
 *(.rel.data.*)
 *(.rel.gnu.linkonce.d*)

.rela.data
 *(.rela.data)
 *(.rela.data.*)
 *(.rela.gnu.linkonce.d*)

.rel.ctors
 *(.rel.ctors)

.rela.ctors
 *(.rela.ctors)

.rel.dtors
 *(.rel.dtors)

.rela.dtors
 *(.rela.dtors)

.rel.got
 *(.rel.got)

.rela.got
 *(.rela.got)

.rel.bss
 *(.rel.bss)

.rela.bss
 *(.rela.bss)

.rel.plt
 *(.rel.plt)

.rela.plt
 *(.rela.plt)

.text           0x00000000     0x2af8
 *(.vectors)
 .vectors       0x00000000       0x68 C:/Program Files (x86)/Atmel/Studio/7.0/Packs/atmel/ATmega_DFP/1.2.209/gcc/dev/atmega328p/avr5/crtatmega328p.o
                0x00000000                __vector_default
                0x00000000                __vectors
 *(.vectors)
 *(.progmem.gcc*)
 .progmem.gcc_sw_table._ZN12AccelStepper4stepEl
                0x00000068       0x12 D:\Atmel\ArduinoSketch2\ArduinoSketch2\ArduinoCore\Debug\libArduinoCore.a(AccelStepper.o)
 .progmem.gcc_sw_table._ZN12AccelStepper5step8El
                0x0000007a        0xe D:\Atmel\ArduinoSketch2\ArduinoSketch2\ArduinoCore\Debug\libArduinoCore.a(AccelStepper.o)
                0x00000088                . = ALIGN (0x2)
                0x00000088                __trampolines_start = .
 *(.trampolines)
 .trampolines   0x00000088        0x0 linker stubs
 *(.trampolines*)
                0x00000088                __trampolines_end = .
 *libprintf_flt.a:*(.progmem.data)
 *libc.a:*(.progmem.data)
 *(.progmem*)
 .progmem.data.digital_pin_to_timer_PGM
                0x00000088       0x14 D:\Atmel\ArduinoSketch2\ArduinoSketch2\ArduinoCore\Debug\libArduinoCore.a(wiring_digital.o)
                0x00000088                digital_pin_to_timer_PGM
 .progmem.data.digital_pin_to_bit_mask_PGM
                0x0000009c       0x14 D:\Atmel\ArduinoSketch2\ArduinoSketch2\ArduinoCore\Debug\libArduinoCore.a(wiring_digital.o)
                0x0000009c                digital_pin_to_bit_mask_PGM
 .progmem.data.digital_pin_to_port_PGM
                0x000000b0       0x14 D:\Atmel\ArduinoSketch2\ArduinoSketch2\ArduinoCore\Debug\libArduinoCore.a(wiring_digital.o)
                0x000000b0                digital_pin_to_port_PGM
 .progmem.data.port_to_output_PGM
                0x000000c4        0xa D:\Atmel\ArduinoSketch2\ArduinoSketch2\ArduinoCore\Debug\libArduinoCore.a(wiring_digital.o)
                0x000000c4                port_to_output_PGM
 .progmem.data.port_to_mode_PGM
                0x000000ce        0xa D:\Atmel\ArduinoSketch2\ArduinoSketch2\ArduinoCore\Debug\libArduinoCore.a(wiring_digital.o)
                0x000000ce                port_to_mode_PGM
                0x000000d8                . = ALIGN (0x2)
 *(.jumptables)
 *(.jumptables*)
 *(.lowtext)
 *(.lowtext*)
                0x000000d8                __ctors_start = .
 *(.ctors)
 .ctors         0x000000d8        0x2 Sketch.o
 .ctors         0x000000da        0x2 D:\Atmel\ArduinoSketch2\ArduinoSketch2\ArduinoCore\Debug\libArduinoCore.a(HardwareSerial0.o)
                0x000000dc                __ctors_end = .
                0x000000dc                __dtors_start = .
 *(.dtors)
 .dtors         0x000000dc        0x2 Sketch.o
                0x000000de                __dtors_end = .
 SORT(*)(.ctors)
 SORT(*)(.dtors)
 *(.init0)
 .init0         0x000000de        0x0 C:/Program Files (x86)/Atmel/Studio/7.0/Packs/atmel/ATmega_DFP/1.2.209/gcc/dev/atmega328p/avr5/crtatmega328p.o
                0x000000de                __init
 *(.init0)
 *(.init1)
 *(.init1)
 *(.init2)
 .init2         0x000000de        0xc C:/Program Files (x86)/Atmel/Studio/7.0/Packs/atmel/ATmega_DFP/1.2.209/gcc/dev/atmega328p/avr5/crtatmega328p.o
 *(.init2)
 *(.init3)
 *(.init3)
 *(.init4)
 .init4         0x000000ea       0x16 c:/program files (x86)/atmel/studio/7.0/toolchain/avr8/avr8-gnu-toolchain/bin/../lib/gcc/avr/5.4.0/avr5\libgcc.a(_copy_data.o)
                0x000000ea                __do_copy_data
 .init4         0x00000100       0x10 c:/program files (x86)/atmel/studio/7.0/toolchain/avr8/avr8-gnu-toolchain/bin/../lib/gcc/avr/5.4.0/avr5\libgcc.a(_clear_bss.o)
                0x00000100                __do_clear_bss
 *(.init4)
 *(.init5)
 *(.init5)
 *(.init6)
 .init6         0x00000110       0x16 c:/program files (x86)/atmel/studio/7.0/toolchain/avr8/avr8-gnu-toolchain/bin/../lib/gcc/avr/5.4.0/avr5\libgcc.a(_ctors.o)
                0x00000110                __do_global_ctors
 *(.init6)
 *(.init7)
 *(.init7)
 *(.init8)
 *(.init8)
 *(.init9)
 .init9         0x00000126        0x8 C:/Program Files (x86)/Atmel/Studio/7.0/Packs/atmel/ATmega_DFP/1.2.209/gcc/dev/atmega328p/avr5/crtatmega328p.o
 *(.init9)
 *(.text)
 .text          0x0000012e        0x4 C:/Program Files (x86)/Atmel/Studio/7.0/Packs/atmel/ATmega_DFP/1.2.209/gcc/dev/atmega328p/avr5/crtatmega328p.o
                0x0000012e                __vector_22
                0x0000012e                __vector_24
                0x0000012e                __vector_12
                0x0000012e                __bad_interrupt
                0x0000012e                __vector_6
                0x0000012e                __vector_3
                0x0000012e                __vector_23
                0x0000012e                __vector_25
                0x0000012e                __vector_11
                0x0000012e                __vector_13
                0x0000012e                __vector_17
                0x0000012e                __vector_7
                0x0000012e                __vector_5
                0x0000012e                __vector_4
                0x0000012e                __vector_9
                0x0000012e                __vector_21
                0x0000012e                __vector_15
                0x0000012e                __vector_8
                0x0000012e                __vector_14
                0x0000012e                __vector_10
                0x0000012e                __vector_20
                0x00000132                . = ALIGN (0x2)
 *(.text.*)
 .text.__vector_1
                0x00000132       0xd0 Sketch.o
                0x00000132                __vector_1
 .text.__vector_2
                0x00000202       0xc8 Sketch.o
                0x00000202                __vector_2
 .text._Z9calibratev
                0x000002ca      0x152 Sketch.o
                0x000002ca                _Z9calibratev
 .text._Z7afisarev
                0x0000041c       0xc0 Sketch.o
                0x0000041c                _Z7afisarev
 .text._Z4workv
                0x000004dc       0xe6 Sketch.o
                0x000004dc                _Z4workv
 .text.startup._GLOBAL__sub_I_myStepperX
                0x000005c2       0x4c Sketch.o
 .text.exit._GLOBAL__sub_D_myStepperX
                0x0000060e        0x8 Sketch.o
 .text._Z6citirev
                0x00000616      0x132 Sketch.o
                0x00000616                _Z6citirev
 .text.loop     0x00000748       0x32 Sketch.o
                0x00000748                loop
 .text._ZN14HardwareSerial9availableEv
                0x0000077a       0x18 D:\Atmel\ArduinoSketch2\ArduinoSketch2\ArduinoCore\Debug\libArduinoCore.a(HardwareSerial.o)
                0x0000077a                _ZN14HardwareSerial9availableEv
 .text._ZN14HardwareSerial4peekEv
                0x00000792       0x1c D:\Atmel\ArduinoSketch2\ArduinoSketch2\ArduinoCore\Debug\libArduinoCore.a(HardwareSerial.o)
                0x00000792                _ZN14HardwareSerial4peekEv
 .text._ZN14HardwareSerial4readEv
                0x000007ae       0x28 D:\Atmel\ArduinoSketch2\ArduinoSketch2\ArduinoCore\Debug\libArduinoCore.a(HardwareSerial.o)
                0x000007ae                _ZN14HardwareSerial4readEv
 .text._ZN14HardwareSerial17availableForWriteEv
                0x000007d6       0x1e D:\Atmel\ArduinoSketch2\ArduinoSketch2\ArduinoCore\Debug\libArduinoCore.a(HardwareSerial.o)
                0x000007d6                _ZN14HardwareSerial17availableForWriteEv
 .text._Z14serialEventRunv
                0x000007f4       0x1c D:\Atmel\ArduinoSketch2\ArduinoSketch2\ArduinoCore\Debug\libArduinoCore.a(HardwareSerial.o)
                0x000007f4                _Z14serialEventRunv
 .text._ZN14HardwareSerial17_tx_udr_empty_irqEv
                0x00000810       0x42 D:\Atmel\ArduinoSketch2\ArduinoSketch2\ArduinoCore\Debug\libArduinoCore.a(HardwareSerial.o)
                0x00000810                _ZN14HardwareSerial17_tx_udr_empty_irqEv
 .text._ZN14HardwareSerial5writeEh
                0x00000852       0x8e D:\Atmel\ArduinoSketch2\ArduinoSketch2\ArduinoCore\Debug\libArduinoCore.a(HardwareSerial.o)
                0x00000852                _ZN14HardwareSerial5writeEh
 .text._ZN14HardwareSerial5flushEv
                0x000008e0       0x44 D:\Atmel\ArduinoSketch2\ArduinoSketch2\ArduinoCore\Debug\libArduinoCore.a(HardwareSerial.o)
                0x000008e0                _ZN14HardwareSerial5flushEv
 .text._ZN14HardwareSerial5beginEmh
                0x00000924       0xca D:\Atmel\ArduinoSketch2\ArduinoSketch2\ArduinoCore\Debug\libArduinoCore.a(HardwareSerial.o)
                0x00000924                _ZN14HardwareSerial5beginEmh
 .text.__vector_18
                0x000009ee       0x64 D:\Atmel\ArduinoSketch2\ArduinoSketch2\ArduinoCore\Debug\libArduinoCore.a(HardwareSerial0.o)
                0x000009ee                __vector_18
 .text.__vector_19
                0x00000a52       0x4c D:\Atmel\ArduinoSketch2\ArduinoSketch2\ArduinoCore\Debug\libArduinoCore.a(HardwareSerial0.o)
                0x00000a52                __vector_19
 .text._Z17Serial0_availablev
                0x00000a9e       0x14 D:\Atmel\ArduinoSketch2\ArduinoSketch2\ArduinoCore\Debug\libArduinoCore.a(HardwareSerial0.o)
                0x00000a9e                _Z17Serial0_availablev
 .text.startup._GLOBAL__sub_I___vector_18
                0x00000ab2       0x5a D:\Atmel\ArduinoSketch2\ArduinoSketch2\ArduinoCore\Debug\libArduinoCore.a(HardwareSerial0.o)
 .text.initVariant
                0x00000b0c        0x2 D:\Atmel\ArduinoSketch2\ArduinoSketch2\ArduinoCore\Debug\libArduinoCore.a(main.o)
                0x00000b0c                initVariant
 .text._Z12initializarev
                0x00000b0e       0x30 D:\Atmel\ArduinoSketch2\ArduinoSketch2\ArduinoCore\Debug\libArduinoCore.a(main.o)
                0x00000b0e                _Z12initializarev
 .text.startup.main
                0x00000b3e       0x1e D:\Atmel\ArduinoSketch2\ArduinoSketch2\ArduinoCore\Debug\libArduinoCore.a(main.o)
                0x00000b3e                main
 .text._ZN5Print5writeEPKhj
                0x00000b5c       0x54 D:\Atmel\ArduinoSketch2\ArduinoSketch2\ArduinoCore\Debug\libArduinoCore.a(Print.o)
                0x00000b5c                _ZN5Print5writeEPKhj
 .text._ZN5Print5writeEPKc
                0x00000bb0       0x2a D:\Atmel\ArduinoSketch2\ArduinoSketch2\ArduinoCore\Debug\libArduinoCore.a(Print.o)
                0x00000bb0                _ZN5Print5writeEPKc
 .text._ZN5Print5printEPKc
                0x00000bda        0x4 D:\Atmel\ArduinoSketch2\ArduinoSketch2\ArduinoCore\Debug\libArduinoCore.a(Print.o)
                0x00000bda                _ZN5Print5printEPKc
 .text._ZN5Print5printEc
                0x00000bde        0xe D:\Atmel\ArduinoSketch2\ArduinoSketch2\ArduinoCore\Debug\libArduinoCore.a(Print.o)
                0x00000bde                _ZN5Print5printEc
 .text._ZN5Print7printlnEv
                0x00000bec        0x8 D:\Atmel\ArduinoSketch2\ArduinoSketch2\ArduinoCore\Debug\libArduinoCore.a(Print.o)
                0x00000bec                _ZN5Print7printlnEv
 .text._ZN5Print7printlnEPKc
                0x00000bf4       0x24 D:\Atmel\ArduinoSketch2\ArduinoSketch2\ArduinoCore\Debug\libArduinoCore.a(Print.o)
                0x00000bf4                _ZN5Print7printlnEPKc
 .text._ZN5Print11printNumberEmh
                0x00000c18       0x92 D:\Atmel\ArduinoSketch2\ArduinoSketch2\ArduinoCore\Debug\libArduinoCore.a(Print.o)
                0x00000c18                _ZN5Print11printNumberEmh
 .text._ZN5Print5printEli
                0x00000caa       0x90 D:\Atmel\ArduinoSketch2\ArduinoSketch2\ArduinoCore\Debug\libArduinoCore.a(Print.o)
                0x00000caa                _ZN5Print5printEli
 .text._ZN5Print5printEii
                0x00000d3a        0xe D:\Atmel\ArduinoSketch2\ArduinoSketch2\ArduinoCore\Debug\libArduinoCore.a(Print.o)
                0x00000d3a                _ZN5Print5printEii
 .text._ZN5Print7printlnEii
                0x00000d48       0x24 D:\Atmel\ArduinoSketch2\ArduinoSketch2\ArduinoCore\Debug\libArduinoCore.a(Print.o)
                0x00000d48                _ZN5Print7printlnEii
 .text.__vector_16
                0x00000d6c       0x94 D:\Atmel\ArduinoSketch2\ArduinoSketch2\ArduinoCore\Debug\libArduinoCore.a(wiring.o)
                0x00000d6c                __vector_16
 .text.millis   0x00000e00       0x18 D:\Atmel\ArduinoSketch2\ArduinoSketch2\ArduinoCore\Debug\libArduinoCore.a(wiring.o)
                0x00000e00                millis
 .text.micros   0x00000e18       0x4a D:\Atmel\ArduinoSketch2\ArduinoSketch2\ArduinoCore\Debug\libArduinoCore.a(wiring.o)
                0x00000e18                micros
 .text.delay    0x00000e62       0x78 D:\Atmel\ArduinoSketch2\ArduinoSketch2\ArduinoCore\Debug\libArduinoCore.a(wiring.o)
                0x00000e62                delay
 .text.delayMicroseconds
                0x00000eda       0x16 D:\Atmel\ArduinoSketch2\ArduinoSketch2\ArduinoCore\Debug\libArduinoCore.a(wiring.o)
                0x00000eda                delayMicroseconds
 .text.init     0x00000ef0       0x76 D:\Atmel\ArduinoSketch2\ArduinoSketch2\ArduinoCore\Debug\libArduinoCore.a(wiring.o)
                0x00000ef0                init
 .text.turnOffPWM
                0x00000f66       0x52 D:\Atmel\ArduinoSketch2\ArduinoSketch2\ArduinoCore\Debug\libArduinoCore.a(wiring_digital.o)
 .text.pinMode  0x00000fb8       0x78 D:\Atmel\ArduinoSketch2\ArduinoSketch2\ArduinoCore\Debug\libArduinoCore.a(wiring_digital.o)
                0x00000fb8                pinMode
 .text.digitalWrite
                0x00001030       0x5e D:\Atmel\ArduinoSketch2\ArduinoSketch2\ArduinoCore\Debug\libArduinoCore.a(wiring_digital.o)
                0x00001030                digitalWrite
 .text._ZN6StringD2Ev
                0x0000108e        0xa D:\Atmel\ArduinoSketch2\ArduinoSketch2\ArduinoCore\Debug\libArduinoCore.a(WString.o)
                0x0000108e                _ZN6StringD2Ev
                0x0000108e                _ZN6StringD1Ev
 .text._ZN6String10invalidateEv
                0x00001098       0x24 D:\Atmel\ArduinoSketch2\ArduinoSketch2\ArduinoCore\Debug\libArduinoCore.a(WString.o)
                0x00001098                _ZN6String10invalidateEv
 .text._ZN6String12changeBufferEj
                0x000010bc       0x34 D:\Atmel\ArduinoSketch2\ArduinoSketch2\ArduinoCore\Debug\libArduinoCore.a(WString.o)
                0x000010bc                _ZN6String12changeBufferEj
 .text._ZN6String7reserveEj
                0x000010f0       0x38 D:\Atmel\ArduinoSketch2\ArduinoSketch2\ArduinoCore\Debug\libArduinoCore.a(WString.o)
                0x000010f0                _ZN6String7reserveEj
 .text._ZN6String4copyEPKcj
                0x00001128       0x42 D:\Atmel\ArduinoSketch2\ArduinoSketch2\ArduinoCore\Debug\libArduinoCore.a(WString.o)
                0x00001128                _ZN6String4copyEPKcj
 .text._ZN6StringC2EPKc
                0x0000116a       0x2a D:\Atmel\ArduinoSketch2\ArduinoSketch2\ArduinoCore\Debug\libArduinoCore.a(WString.o)
                0x0000116a                _ZN6StringC2EPKc
                0x0000116a                _ZN6StringC1EPKc
 .text._ZN6StringaSEPKc
                0x00001194       0x2e D:\Atmel\ArduinoSketch2\ArduinoSketch2\ArduinoCore\Debug\libArduinoCore.a(WString.o)
                0x00001194                _ZN6StringaSEPKc
 .text._ZN6String6concatEPKcj
                0x000011c2       0x5c D:\Atmel\ArduinoSketch2\ArduinoSketch2\ArduinoCore\Debug\libArduinoCore.a(WString.o)
                0x000011c2                _ZN6String6concatEPKcj
 .text._ZN6String6concatEc
                0x0000121e       0x26 D:\Atmel\ArduinoSketch2\ArduinoSketch2\ArduinoCore\Debug\libArduinoCore.a(WString.o)
                0x0000121e                _ZN6String6concatEc
 .text._ZNK6String5toIntEv
                0x00001244       0x16 D:\Atmel\ArduinoSketch2\ArduinoSketch2\ArduinoCore\Debug\libArduinoCore.a(WString.o)
                0x00001244                _ZNK6String5toIntEv
 .text._ZN12AccelStepper4stepEl
                0x0000125a       0x8a D:\Atmel\ArduinoSketch2\ArduinoSketch2\ArduinoCore\Debug\libArduinoCore.a(AccelStepper.o)
                0x0000125a                _ZN12AccelStepper4stepEl
 .text._ZN12AccelStepper5step6El
                0x000012e4       0xac D:\Atmel\ArduinoSketch2\ArduinoSketch2\ArduinoCore\Debug\libArduinoCore.a(AccelStepper.o)
                0x000012e4                _ZN12AccelStepper5step6El
 .text._ZN12AccelStepper5step8El
                0x00001390       0x88 D:\Atmel\ArduinoSketch2\ArduinoSketch2\ArduinoCore\Debug\libArduinoCore.a(AccelStepper.o)
                0x00001390                _ZN12AccelStepper5step8El
 .text._ZN12AccelStepper13setOutputPinsEh
                0x00001418       0x70 D:\Atmel\ArduinoSketch2\ArduinoSketch2\ArduinoCore\Debug\libArduinoCore.a(AccelStepper.o)
                0x00001418                _ZN12AccelStepper13setOutputPinsEh
 .text._ZN12AccelStepper5step1El
                0x00001488       0x60 D:\Atmel\ArduinoSketch2\ArduinoSketch2\ArduinoCore\Debug\libArduinoCore.a(AccelStepper.o)
                0x00001488                _ZN12AccelStepper5step1El
 .text._ZN12AccelStepper13enableOutputsEv
                0x000014e8       0x68 D:\Atmel\ArduinoSketch2\ArduinoSketch2\ArduinoCore\Debug\libArduinoCore.a(AccelStepper.o)
                0x000014e8                _ZN12AccelStepper13enableOutputsEv
 .text._ZN12AccelStepper14disableOutputsEv
                0x00001550       0x3c D:\Atmel\ArduinoSketch2\ArduinoSketch2\ArduinoCore\Debug\libArduinoCore.a(AccelStepper.o)
                0x00001550                _ZN12AccelStepper14disableOutputsEv
 .text._ZN12AccelStepper5step4El
                0x0000158c       0x42 D:\Atmel\ArduinoSketch2\ArduinoSketch2\ArduinoCore\Debug\libArduinoCore.a(AccelStepper.o)
                0x0000158c                _ZN12AccelStepper5step4El
 .text._ZN12AccelStepper5step3El
                0x000015ce       0x68 D:\Atmel\ArduinoSketch2\ArduinoSketch2\ArduinoCore\Debug\libArduinoCore.a(AccelStepper.o)
                0x000015ce                _ZN12AccelStepper5step3El
 .text._ZN12AccelStepper5step2El
                0x00001636       0x42 D:\Atmel\ArduinoSketch2\ArduinoSketch2\ArduinoCore\Debug\libArduinoCore.a(AccelStepper.o)
                0x00001636                _ZN12AccelStepper5step2El
 .text._ZN12AccelStepper5step0El
                0x00001678       0x2c D:\Atmel\ArduinoSketch2\ArduinoSketch2\ArduinoCore\Debug\libArduinoCore.a(AccelStepper.o)
                0x00001678                _ZN12AccelStepper5step0El
 .text._ZN12AccelStepper8runSpeedEv
                0x000016a4       0xa4 D:\Atmel\ArduinoSketch2\ArduinoSketch2\ArduinoCore\Debug\libArduinoCore.a(AccelStepper.o)
                0x000016a4                _ZN12AccelStepper8runSpeedEv
 .text._ZN12AccelStepper12distanceToGoEv
                0x00001748       0x28 D:\Atmel\ArduinoSketch2\ArduinoSketch2\ArduinoCore\Debug\libArduinoCore.a(AccelStepper.o)
                0x00001748                _ZN12AccelStepper12distanceToGoEv
 .text._ZN12AccelStepper15currentPositionEv
                0x00001770        0xc D:\Atmel\ArduinoSketch2\ArduinoSketch2\ArduinoCore\Debug\libArduinoCore.a(AccelStepper.o)
                0x00001770                _ZN12AccelStepper15currentPositionEv
 .text._ZN12AccelStepper18setCurrentPositionEl
                0x0000177c       0x2c D:\Atmel\ArduinoSketch2\ArduinoSketch2\ArduinoCore\Debug\libArduinoCore.a(AccelStepper.o)
                0x0000177c                _ZN12AccelStepper18setCurrentPositionEl
 .text._ZN12AccelStepper15computeNewSpeedEv
                0x000017a8      0x29a D:\Atmel\ArduinoSketch2\ArduinoSketch2\ArduinoCore\Debug\libArduinoCore.a(AccelStepper.o)
                0x000017a8                _ZN12AccelStepper15computeNewSpeedEv
 .text._ZN12AccelStepper6moveToEl
                0x00001a42       0x2e D:\Atmel\ArduinoSketch2\ArduinoSketch2\ArduinoCore\Debug\libArduinoCore.a(AccelStepper.o)
                0x00001a42                _ZN12AccelStepper6moveToEl
 .text._ZN12AccelStepper15setAccelerationEf.part.8
                0x00001a70      0x106 D:\Atmel\ArduinoSketch2\ArduinoSketch2\ArduinoCore\Debug\libArduinoCore.a(AccelStepper.o)
 .text._ZN12AccelStepperC2Ehhhhhb
                0x00001b76       0xc6 D:\Atmel\ArduinoSketch2\ArduinoSketch2\ArduinoCore\Debug\libArduinoCore.a(AccelStepper.o)
                0x00001b76                _ZN12AccelStepperC1Ehhhhhb
                0x00001b76                _ZN12AccelStepperC2Ehhhhhb
 .text._ZN12AccelStepper11setMaxSpeedEf
                0x00001c3c       0xe4 D:\Atmel\ArduinoSketch2\ArduinoSketch2\ArduinoCore\Debug\libArduinoCore.a(AccelStepper.o)
                0x00001c3c                _ZN12AccelStepper11setMaxSpeedEf
 .text._ZN12AccelStepper8maxSpeedEv
                0x00001d20        0xc D:\Atmel\ArduinoSketch2\ArduinoSketch2\ArduinoCore\Debug\libArduinoCore.a(AccelStepper.o)
                0x00001d20                _ZN12AccelStepper8maxSpeedEv
 .text._ZN12AccelStepper8setSpeedEf
                0x00001d2c       0xee D:\Atmel\ArduinoSketch2\ArduinoSketch2\ArduinoCore\Debug\libArduinoCore.a(AccelStepper.o)
                0x00001d2c                _ZN12AccelStepper8setSpeedEf
 .text._ZN12MultiStepperC2Ev
                0x00001e1a        0x6 D:\Atmel\ArduinoSketch2\ArduinoSketch2\ArduinoCore\Debug\libArduinoCore.a(MultiStepper.o)
                0x00001e1a                _ZN12MultiStepperC1Ev
                0x00001e1a                _ZN12MultiStepperC2Ev
 .text._ZN12MultiStepper10addStepperER12AccelStepper
                0x00001e20       0x22 D:\Atmel\ArduinoSketch2\ArduinoSketch2\ArduinoCore\Debug\libArduinoCore.a(MultiStepper.o)
                0x00001e20                _ZN12MultiStepper10addStepperER12AccelStepper
 .text._ZN12MultiStepper6moveToEPl
                0x00001e42      0x19e D:\Atmel\ArduinoSketch2\ArduinoSketch2\ArduinoCore\Debug\libArduinoCore.a(MultiStepper.o)
                0x00001e42                _ZN12MultiStepper6moveToEPl
 .text._ZN12MultiStepper3runEv
                0x00001fe0       0x52 D:\Atmel\ArduinoSketch2\ArduinoSketch2\ArduinoCore\Debug\libArduinoCore.a(MultiStepper.o)
                0x00001fe0                _ZN12MultiStepper3runEv
 .text._ZN12MultiStepper18runSpeedToPositionEv
                0x00002032       0x16 D:\Atmel\ArduinoSketch2\ArduinoSketch2\ArduinoCore\Debug\libArduinoCore.a(MultiStepper.o)
                0x00002032                _ZN12MultiStepper18runSpeedToPositionEv
 .text.__empty  0x00002048        0x2 D:\Atmel\ArduinoSketch2\ArduinoSketch2\ArduinoCore\Debug\libArduinoCore.a(hooks.o)
                0x00002048                yield
 .text.avr-libc.fplib
                0x0000204a        0xe c:/program files (x86)/atmel/studio/7.0/toolchain/avr8/avr8-gnu-toolchain/bin/../lib/gcc/avr/5.4.0/../../../../avr/lib/avr5\libm.a(addsf3.o)
                0x0000204a                __subsf3
                0x0000204c                __addsf3
 .text.avr-libc.fplib
                0x00002058       0xcc c:/program files (x86)/atmel/studio/7.0/toolchain/avr8/avr8-gnu-toolchain/bin/../lib/gcc/avr/5.4.0/../../../../avr/lib/avr5\libm.a(addsf3x.o)
                0x0000207a                __addsf3x
 .text.avr-libc.fplib
                0x00002124        0xa c:/program files (x86)/atmel/studio/7.0/toolchain/avr8/avr8-gnu-toolchain/bin/../lib/gcc/avr/5.4.0/../../../../avr/lib/avr5\libm.a(cmpsf2.o)
                0x00002124                __nesf2
                0x00002124                __eqsf2
                0x00002124                __cmpsf2
                0x00002124                __ltsf2
                0x00002124                __lesf2
 .text.avr-libc.fplib
                0x0000212e        0x8 c:/program files (x86)/atmel/studio/7.0/toolchain/avr8/avr8-gnu-toolchain/bin/../lib/gcc/avr/5.4.0/../../../../avr/lib/avr5\libm.a(divsf3.o)
                0x0000212e                __divsf3
 .text.avr-libc.fplib
                0x00002136       0xdc c:/program files (x86)/atmel/studio/7.0/toolchain/avr8/avr8-gnu-toolchain/bin/../lib/gcc/avr/5.4.0/../../../../avr/lib/avr5\libm.a(divsf3x.o)
                0x00002156                __divsf3x
                0x0000215c                __divsf3_pse
 .text.avr-libc.fplib
                0x00002212        0xe c:/program files (x86)/atmel/studio/7.0/toolchain/avr8/avr8-gnu-toolchain/bin/../lib/gcc/avr/5.4.0/../../../../avr/lib/avr5\libm.a(fixsfsi.o)
                0x00002212                __fixsfsi
 .text.avr-libc.fplib
                0x00002220       0x5e c:/program files (x86)/atmel/studio/7.0/toolchain/avr8/avr8-gnu-toolchain/bin/../lib/gcc/avr/5.4.0/../../../../avr/lib/avr5\libm.a(fixunssfsi.o)
                0x00002220                __fixunssfsi
 .text.avr-libc.fplib
                0x0000227e       0x7a c:/program files (x86)/atmel/studio/7.0/toolchain/avr8/avr8-gnu-toolchain/bin/../lib/gcc/avr/5.4.0/../../../../avr/lib/avr5\libm.a(floatsisf.o)
                0x0000227e                __floatunsisf
                0x00002282                __floatsisf
 .text.avr-libc.fplib
                0x000022f8       0x48 c:/program files (x86)/atmel/studio/7.0/toolchain/avr8/avr8-gnu-toolchain/bin/../lib/gcc/avr/5.4.0/../../../../avr/lib/avr5\libm.a(fp_cmp.o)
                0x000022f8                __fp_cmp
 .text.avr-libc.fplib
                0x00002340        0xc c:/program files (x86)/atmel/studio/7.0/toolchain/avr8/avr8-gnu-toolchain/bin/../lib/gcc/avr/5.4.0/../../../../avr/lib/avr5\libm.a(fp_inf.o)
                0x00002340                __fp_inf
 .text.avr-libc.fplib
                0x0000234c        0x6 c:/program files (x86)/atmel/studio/7.0/toolchain/avr8/avr8-gnu-toolchain/bin/../lib/gcc/avr/5.4.0/../../../../avr/lib/avr5\libm.a(fp_nan.o)
                0x0000234c                __fp_nan
 .text.avr-libc.fplib
                0x00002352        0xe c:/program files (x86)/atmel/studio/7.0/toolchain/avr8/avr8-gnu-toolchain/bin/../lib/gcc/avr/5.4.0/../../../../avr/lib/avr5\libm.a(fp_pscA.o)
                0x00002352                __fp_pscA
 .text.avr-libc.fplib
                0x00002360        0xe c:/program files (x86)/atmel/studio/7.0/toolchain/avr8/avr8-gnu-toolchain/bin/../lib/gcc/avr/5.4.0/../../../../avr/lib/avr5\libm.a(fp_pscB.o)
                0x00002360                __fp_pscB
 .text.avr-libc.fplib
                0x0000236e       0x22 c:/program files (x86)/atmel/studio/7.0/toolchain/avr8/avr8-gnu-toolchain/bin/../lib/gcc/avr/5.4.0/../../../../avr/lib/avr5\libm.a(fp_round.o)
                0x0000236e                __fp_round
 .text.avr-libc.fplib
                0x00002390       0x44 c:/program files (x86)/atmel/studio/7.0/toolchain/avr8/avr8-gnu-toolchain/bin/../lib/gcc/avr/5.4.0/../../../../avr/lib/avr5\libm.a(fp_split3.o)
                0x00002390                __fp_split3
                0x000023a0                __fp_splitA
 .text.avr-libc.fplib
                0x000023d4        0xe c:/program files (x86)/atmel/studio/7.0/toolchain/avr8/avr8-gnu-toolchain/bin/../lib/gcc/avr/5.4.0/../../../../avr/lib/avr5\libm.a(fp_zero.o)
                0x000023d4                __fp_zero
                0x000023d6                __fp_szero
 .text.avr-libc.fplib
                0x000023e2        0xa c:/program files (x86)/atmel/studio/7.0/toolchain/avr8/avr8-gnu-toolchain/bin/../lib/gcc/avr/5.4.0/../../../../avr/lib/avr5\libm.a(gesf2.o)
                0x000023e2                __gesf2
                0x000023e2                __gtsf2
 .text.avr-libc.fplib
                0x000023ec        0x8 c:/program files (x86)/atmel/studio/7.0/toolchain/avr8/avr8-gnu-toolchain/bin/../lib/gcc/avr/5.4.0/../../../../avr/lib/avr5\libm.a(mulsf3.o)
                0x000023ec                __mulsf3
 .text.avr-libc.fplib
                0x000023f4       0xd2 c:/program files (x86)/atmel/studio/7.0/toolchain/avr8/avr8-gnu-toolchain/bin/../lib/gcc/avr/5.4.0/../../../../avr/lib/avr5\libm.a(mulsf3x.o)
                0x00002412                __mulsf3x
                0x00002418                __mulsf3_pse
 .text.avr-libc.fplib
                0x000024c6       0x8c c:/program files (x86)/atmel/studio/7.0/toolchain/avr8/avr8-gnu-toolchain/bin/../lib/gcc/avr/5.4.0/../../../../avr/lib/avr5\libm.a(sqrt.o)
                0x000024d2                sqrtf
                0x000024d2                sqrt
 .text.avr-libc.fplib
                0x00002552       0x1c c:/program files (x86)/atmel/studio/7.0/toolchain/avr8/avr8-gnu-toolchain/bin/../lib/gcc/avr/5.4.0/../../../../avr/lib/avr5\libm.a(fp_mpack.o)
                0x00002552                __fp_mpack
                0x00002556                __fp_mpack_finite
 .text.avr-libc.fplib
                0x0000256e        0xe c:/program files (x86)/atmel/studio/7.0/toolchain/avr8/avr8-gnu-toolchain/bin/../lib/gcc/avr/5.4.0/../../../../avr/lib/avr5\libm.a(fp_norm2.o)
                0x0000256e                __fp_norm2
 .text.libgcc.div
                0x0000257c       0x44 c:/program files (x86)/atmel/studio/7.0/toolchain/avr8/avr8-gnu-toolchain/bin/../lib/gcc/avr/5.4.0/avr5\libgcc.a(_udivmodsi4.o)
                0x0000257c                __udivmodsi4
 .text.libgcc.div
                0x000025c0       0x2e c:/program files (x86)/atmel/studio/7.0/toolchain/avr8/avr8-gnu-toolchain/bin/../lib/gcc/avr/5.4.0/avr5\libgcc.a(_divmodsi4.o)
                0x000025c0                __divmodsi4
 .text.libgcc.div
                0x000025ee       0x10 c:/program files (x86)/atmel/studio/7.0/toolchain/avr8/avr8-gnu-toolchain/bin/../lib/gcc/avr/5.4.0/avr5\libgcc.a(_negsi2.o)
                0x000025ee                __negsi2
 .text.libgcc   0x000025fe        0xc c:/program files (x86)/atmel/studio/7.0/toolchain/avr8/avr8-gnu-toolchain/bin/../lib/gcc/avr/5.4.0/avr5\libgcc.a(_tablejump2.o)
                0x000025fe                __tablejump2__
 .text.avr-libc
                0x0000260a      0x242 c:/program files (x86)/atmel/studio/7.0/toolchain/avr8/avr8-gnu-toolchain/bin/../lib/gcc/avr/5.4.0/../../../../avr/lib/avr5\libc.a(malloc.o)
                0x0000260a                malloc
                0x0000273a                free
 .text.avr-libc
                0x0000284c      0x18c c:/program files (x86)/atmel/studio/7.0/toolchain/avr8/avr8-gnu-toolchain/bin/../lib/gcc/avr/5.4.0/../../../../avr/lib/avr5\libc.a(realloc.o)
                0x0000284c                realloc
 .text.avr-libc
                0x000029d8       0x4e c:/program files (x86)/atmel/studio/7.0/toolchain/avr8/avr8-gnu-toolchain/bin/../lib/gcc/avr/5.4.0/../../../../avr/lib/avr5\libc.a(atol.o)
                0x000029d8                atol
 .text.avr-libc
                0x00002a26       0x12 c:/program files (x86)/atmel/studio/7.0/toolchain/avr8/avr8-gnu-toolchain/bin/../lib/gcc/avr/5.4.0/../../../../avr/lib/avr5\libc.a(memcpy.o)
                0x00002a26                memcpy
 .text.avr-libc
                0x00002a38        0xe c:/program files (x86)/atmel/studio/7.0/toolchain/avr8/avr8-gnu-toolchain/bin/../lib/gcc/avr/5.4.0/../../../../avr/lib/avr5\libc.a(strcpy.o)
                0x00002a38                strcpy
 .text.avr-libc
                0x00002a46       0x2a c:/program files (x86)/atmel/studio/7.0/toolchain/avr8/avr8-gnu-toolchain/bin/../lib/gcc/avr/5.4.0/../../../../avr/lib/avr5\libc.a(mulsi10.o)
                0x00002a46                __mulsi_const_10
 .text.libgcc.prologue
                0x00002a70       0x38 c:/program files (x86)/atmel/studio/7.0/toolchain/avr8/avr8-gnu-toolchain/bin/../lib/gcc/avr/5.4.0/avr5\libgcc.a(_prologue.o)
                0x00002a70                __prologue_saves__
 .text.libgcc.prologue
                0x00002aa8       0x36 c:/program files (x86)/atmel/studio/7.0/toolchain/avr8/avr8-gnu-toolchain/bin/../lib/gcc/avr/5.4.0/avr5\libgcc.a(_epilogue.o)
                0x00002aa8                __epilogue_restores__
                0x00002ade                . = ALIGN (0x2)
 *(.fini9)
 .fini9         0x00002ade        0x0 c:/program files (x86)/atmel/studio/7.0/toolchain/avr8/avr8-gnu-toolchain/bin/../lib/gcc/avr/5.4.0/avr5\libgcc.a(_exit.o)
                0x00002ade                _exit
                0x00002ade                exit
 *(.fini9)
 *(.fini8)
 *(.fini8)
 *(.fini7)
 *(.fini7)
 *(.fini6)
 .fini6         0x00002ade       0x16 c:/program files (x86)/atmel/studio/7.0/toolchain/avr8/avr8-gnu-toolchain/bin/../lib/gcc/avr/5.4.0/avr5\libgcc.a(_dtors.o)
                0x00002ade                __do_global_dtors
 *(.fini6)
 *(.fini5)
 *(.fini5)
 *(.fini4)
 *(.fini4)
 *(.fini3)
 *(.fini3)
 *(.fini2)
 *(.fini2)
 *(.fini1)
 *(.fini1)
 *(.fini0)
 .fini0         0x00002af4        0x4 c:/program files (x86)/atmel/studio/7.0/toolchain/avr8/avr8-gnu-toolchain/bin/../lib/gcc/avr/5.4.0/avr5\libgcc.a(_exit.o)
 *(.fini0)
                0x00002af8                _etext = .

.data           0x00800100       0x60 load address 0x00002af8
                0x00800100                PROVIDE (__data_start, .)
 *(.data)
 .data          0x00800100        0x6 c:/program files (x86)/atmel/studio/7.0/toolchain/avr8/avr8-gnu-toolchain/bin/../lib/gcc/avr/5.4.0/../../../../avr/lib/avr5\libc.a(malloc.o)
                0x00800100                __malloc_heap_end
                0x00800102                __malloc_heap_start
                0x00800104                __malloc_margin
 *(.data*)
 *(.gnu.linkonce.d*)
 *(.rodata)
 *(.rodata*)
 .rodata.str1.1
                0x00800106       0x1e Sketch.o
                                 0x1f (size before relaxing)
 .rodata._ZTV14HardwareSerial
                0x00800124       0x12 D:\Atmel\ArduinoSketch2\ArduinoSketch2\ArduinoCore\Debug\libArduinoCore.a(HardwareSerial.o)
                0x00800124                _ZTV14HardwareSerial
 .rodata.str1.1
                0x00800136        0xf D:\Atmel\ArduinoSketch2\ArduinoSketch2\ArduinoCore\Debug\libArduinoCore.a(Print.o)
 .rodata._ZTV12AccelStepper
                0x00800145       0x1a D:\Atmel\ArduinoSketch2\ArduinoSketch2\ArduinoCore\Debug\libArduinoCore.a(AccelStepper.o)
                0x00800145                _ZTV12AccelStepper
 *(.gnu.linkonce.r*)
                0x00800160                . = ALIGN (0x2)
 *fill*         0x0080015f        0x1 
                0x00800160                _edata = .
                0x00800160                PROVIDE (__data_end, .)

.bss            0x00800160      0x616
                0x00800160                PROVIDE (__bss_start, .)
 *(.bss)
 *(.bss*)
 .bss._ZZ10__vector_2E19last_interrupt_time
                0x00800160        0x4 Sketch.o
 .bss._ZZ10__vector_1E19last_interrupt_time
                0x00800164        0x4 Sketch.o
 .bss.nRead     0x00800168        0x1 Sketch.o
                0x00800168                nRead
 .bss.n         0x00800169        0x2 Sketch.o
                0x00800169                n
 .bss.steppers  0x0080016b       0x15 Sketch.o
                0x0080016b                steppers
 .bss.inString  0x00800180        0x6 Sketch.o
                0x00800180                inString
 .bss.integerValue
                0x00800186        0x2 Sketch.o
                0x00800186                integerValue
 .bss.r         0x00800188        0x2 Sketch.o
                0x00800188                r
 .bss.state     0x0080018a        0x2 Sketch.o
                0x0080018a                state
 .bss.j         0x0080018c        0x2 Sketch.o
                0x0080018c                j
 .bss.i         0x0080018e        0x2 Sketch.o
                0x0080018e                i
 .bss.col       0x00800190        0x2 Sketch.o
                0x00800190                col
 .bss.row       0x00800192        0x2 Sketch.o
                0x00800192                row
 .bss.TabelCoordonate
                0x00800194      0x4b0 Sketch.o
                0x00800194                TabelCoordonate
 .bss.myStepperY
                0x00800644       0x44 Sketch.o
                0x00800644                myStepperY
 .bss.myStepperX
                0x00800688       0x44 Sketch.o
                0x00800688                myStepperX
 .bss.Serial    0x008006cc       0x9d D:\Atmel\ArduinoSketch2\ArduinoSketch2\ArduinoCore\Debug\libArduinoCore.a(HardwareSerial0.o)
                0x008006cc                Serial
 .bss.timer0_fract
                0x00800769        0x1 D:\Atmel\ArduinoSketch2\ArduinoSketch2\ArduinoCore\Debug\libArduinoCore.a(wiring.o)
 .bss.timer0_millis
                0x0080076a        0x4 D:\Atmel\ArduinoSketch2\ArduinoSketch2\ArduinoCore\Debug\libArduinoCore.a(wiring.o)
                0x0080076a                timer0_millis
 .bss.timer0_overflow_count
                0x0080076e        0x4 D:\Atmel\ArduinoSketch2\ArduinoSketch2\ArduinoCore\Debug\libArduinoCore.a(wiring.o)
                0x0080076e                timer0_overflow_count
 *(COMMON)
 COMMON         0x00800772        0x4 c:/program files (x86)/atmel/studio/7.0/toolchain/avr8/avr8-gnu-toolchain/bin/../lib/gcc/avr/5.4.0/../../../../avr/lib/avr5\libc.a(malloc.o)
                0x00800772                __brkval
                0x00800774                __flp
                0x00800776                PROVIDE (__bss_end, .)
                0x00002af8                __data_load_start = LOADADDR (.data)
                0x00002b58                __data_load_end = (__data_load_start + SIZEOF (.data))

.noinit         0x00800776        0x0
                [!provide]                PROVIDE (__noinit_start, .)
 *(.noinit*)
                [!provide]                PROVIDE (__noinit_end, .)
                0x00800776                _end = .
                0x00800776                PROVIDE (__heap_start, .)

.eeprom         0x00810000        0x0
 *(.eeprom*)
                0x00810000                __eeprom_end = .

.fuse
 *(.fuse)
 *(.lfuse)
 *(.hfuse)
 *(.efuse)

.lock
 *(.lock*)

.signature
 *(.signature*)

.user_signatures
 *(.user_signatures*)

.stab
 *(.stab)

.stabstr
 *(.stabstr)

.stab.excl
 *(.stab.excl)

.stab.exclstr
 *(.stab.exclstr)

.stab.index
 *(.stab.index)

.stab.indexstr
 *(.stab.indexstr)

.comment        0x00000000       0x30
 *(.comment)
 .comment       0x00000000       0x30 Sketch.o
                                 0x31 (size before relaxing)
 .comment       0x00000030       0x31 D:\Atmel\ArduinoSketch2\ArduinoSketch2\ArduinoCore\Debug\libArduinoCore.a(HardwareSerial.o)
 .comment       0x00000030       0x31 D:\Atmel\ArduinoSketch2\ArduinoSketch2\ArduinoCore\Debug\libArduinoCore.a(HardwareSerial0.o)
 .comment       0x00000030       0x31 D:\Atmel\ArduinoSketch2\ArduinoSketch2\ArduinoCore\Debug\libArduinoCore.a(main.o)
 .comment       0x00000030       0x31 D:\Atmel\ArduinoSketch2\ArduinoSketch2\ArduinoCore\Debug\libArduinoCore.a(Print.o)
 .comment       0x00000030       0x31 D:\Atmel\ArduinoSketch2\ArduinoSketch2\ArduinoCore\Debug\libArduinoCore.a(wiring.o)
 .comment       0x00000030       0x31 D:\Atmel\ArduinoSketch2\ArduinoSketch2\ArduinoCore\Debug\libArduinoCore.a(wiring_digital.o)
 .comment       0x00000030       0x31 D:\Atmel\ArduinoSketch2\ArduinoSketch2\ArduinoCore\Debug\libArduinoCore.a(WString.o)
 .comment       0x00000030       0x31 D:\Atmel\ArduinoSketch2\ArduinoSketch2\ArduinoCore\Debug\libArduinoCore.a(AccelStepper.o)
 .comment       0x00000030       0x31 D:\Atmel\ArduinoSketch2\ArduinoSketch2\ArduinoCore\Debug\libArduinoCore.a(MultiStepper.o)
 .comment       0x00000030       0x31 D:\Atmel\ArduinoSketch2\ArduinoSketch2\ArduinoCore\Debug\libArduinoCore.a(hooks.o)
 .comment       0x00000030       0x31 c:/program files (x86)/atmel/studio/7.0/toolchain/avr8/avr8-gnu-toolchain/bin/../lib/gcc/avr/5.4.0/../../../../avr/lib/avr5\libc.a(malloc.o)
 .comment       0x00000030       0x31 c:/program files (x86)/atmel/studio/7.0/toolchain/avr8/avr8-gnu-toolchain/bin/../lib/gcc/avr/5.4.0/../../../../avr/lib/avr5\libc.a(realloc.o)

.note.gnu.avr.deviceinfo
                0x00000000       0x40
 .note.gnu.avr.deviceinfo
                0x00000000       0x40 C:/Program Files (x86)/Atmel/Studio/7.0/Packs/atmel/ATmega_DFP/1.2.209/gcc/dev/atmega328p/avr5/crtatmega328p.o

.note.gnu.build-id
 *(.note.gnu.build-id)

.debug
 *(.debug)

.line
 *(.line)

.debug_srcinfo
 *(.debug_srcinfo)

.debug_sfnames
 *(.debug_sfnames)

.debug_aranges  0x00000000      0x720
 *(.debug_aranges)
 .debug_aranges
                0x00000000       0x60 Sketch.o
 .debug_aranges
                0x00000060       0x68 D:\Atmel\ArduinoSketch2\ArduinoSketch2\ArduinoCore\Debug\libArduinoCore.a(HardwareSerial.o)
 .debug_aranges
                0x000000c8       0x48 D:\Atmel\ArduinoSketch2\ArduinoSketch2\ArduinoCore\Debug\libArduinoCore.a(HardwareSerial0.o)
 .debug_aranges
                0x00000110       0x38 D:\Atmel\ArduinoSketch2\ArduinoSketch2\ArduinoCore\Debug\libArduinoCore.a(main.o)
 .debug_aranges
                0x00000148      0x100 D:\Atmel\ArduinoSketch2\ArduinoSketch2\ArduinoCore\Debug\libArduinoCore.a(Print.o)
 .debug_aranges
                0x00000248       0x48 D:\Atmel\ArduinoSketch2\ArduinoSketch2\ArduinoCore\Debug\libArduinoCore.a(wiring.o)
 .debug_aranges
                0x00000290       0x38 D:\Atmel\ArduinoSketch2\ArduinoSketch2\ArduinoCore\Debug\libArduinoCore.a(wiring_digital.o)
 .debug_aranges
                0x000002c8      0x2b8 D:\Atmel\ArduinoSketch2\ArduinoSketch2\ArduinoCore\Debug\libArduinoCore.a(WString.o)
 .debug_aranges
                0x00000580      0x140 D:\Atmel\ArduinoSketch2\ArduinoSketch2\ArduinoCore\Debug\libArduinoCore.a(AccelStepper.o)
 .debug_aranges
                0x000006c0       0x40 D:\Atmel\ArduinoSketch2\ArduinoSketch2\ArduinoCore\Debug\libArduinoCore.a(MultiStepper.o)
 .debug_aranges
                0x00000700       0x20 D:\Atmel\ArduinoSketch2\ArduinoSketch2\ArduinoCore\Debug\libArduinoCore.a(hooks.o)

.debug_pubnames
 *(.debug_pubnames)

.debug_info     0x00000000     0xf1e7
 *(.debug_info .gnu.linkonce.wi.*)
 .debug_info    0x00000000      0x5f4 C:/Program Files (x86)/Atmel/Studio/7.0/Packs/atmel/ATmega_DFP/1.2.209/gcc/dev/atmega328p/avr5/crtatmega328p.o
 .debug_info    0x000005f4     0x1d55 Sketch.o
 .debug_info    0x00002349     0x1e89 D:\Atmel\ArduinoSketch2\ArduinoSketch2\ArduinoCore\Debug\libArduinoCore.a(HardwareSerial.o)
 .debug_info    0x000041d2     0x1b16 D:\Atmel\ArduinoSketch2\ArduinoSketch2\ArduinoCore\Debug\libArduinoCore.a(HardwareSerial0.o)
 .debug_info    0x00005ce8      0x354 D:\Atmel\ArduinoSketch2\ArduinoSketch2\ArduinoCore\Debug\libArduinoCore.a(main.o)
 .debug_info    0x0000603c     0x28ff D:\Atmel\ArduinoSketch2\ArduinoSketch2\ArduinoCore\Debug\libArduinoCore.a(Print.o)
 .debug_info    0x0000893b      0x2cb D:\Atmel\ArduinoSketch2\ArduinoSketch2\ArduinoCore\Debug\libArduinoCore.a(wiring.o)
 .debug_info    0x00008c06      0x5fe D:\Atmel\ArduinoSketch2\ArduinoSketch2\ArduinoCore\Debug\libArduinoCore.a(wiring_digital.o)
 .debug_info    0x00009204     0x4338 D:\Atmel\ArduinoSketch2\ArduinoSketch2\ArduinoCore\Debug\libArduinoCore.a(WString.o)
 .debug_info    0x0000d53c     0x1784 D:\Atmel\ArduinoSketch2\ArduinoSketch2\ArduinoCore\Debug\libArduinoCore.a(AccelStepper.o)
 .debug_info    0x0000ecc0      0x4e9 D:\Atmel\ArduinoSketch2\ArduinoSketch2\ArduinoCore\Debug\libArduinoCore.a(MultiStepper.o)
 .debug_info    0x0000f1a9       0x3e D:\Atmel\ArduinoSketch2\ArduinoSketch2\ArduinoCore\Debug\libArduinoCore.a(hooks.o)

.debug_abbrev   0x00000000     0x26db
 *(.debug_abbrev)
 .debug_abbrev  0x00000000      0x5a2 C:/Program Files (x86)/Atmel/Studio/7.0/Packs/atmel/ATmega_DFP/1.2.209/gcc/dev/atmega328p/avr5/crtatmega328p.o
 .debug_abbrev  0x000005a2      0x41f Sketch.o
 .debug_abbrev  0x000009c1      0x432 D:\Atmel\ArduinoSketch2\ArduinoSketch2\ArduinoCore\Debug\libArduinoCore.a(HardwareSerial.o)
 .debug_abbrev  0x00000df3      0x3ce D:\Atmel\ArduinoSketch2\ArduinoSketch2\ArduinoCore\Debug\libArduinoCore.a(HardwareSerial0.o)
 .debug_abbrev  0x000011c1      0x206 D:\Atmel\ArduinoSketch2\ArduinoSketch2\ArduinoCore\Debug\libArduinoCore.a(main.o)
 .debug_abbrev  0x000013c7      0x47a D:\Atmel\ArduinoSketch2\ArduinoSketch2\ArduinoCore\Debug\libArduinoCore.a(Print.o)
 .debug_abbrev  0x00001841      0x146 D:\Atmel\ArduinoSketch2\ArduinoSketch2\ArduinoCore\Debug\libArduinoCore.a(wiring.o)
 .debug_abbrev  0x00001987      0x15b D:\Atmel\ArduinoSketch2\ArduinoSketch2\ArduinoCore\Debug\libArduinoCore.a(wiring_digital.o)
 .debug_abbrev  0x00001ae2      0x4c2 D:\Atmel\ArduinoSketch2\ArduinoSketch2\ArduinoCore\Debug\libArduinoCore.a(WString.o)
 .debug_abbrev  0x00001fa4      0x4bd D:\Atmel\ArduinoSketch2\ArduinoSketch2\ArduinoCore\Debug\libArduinoCore.a(AccelStepper.o)
 .debug_abbrev  0x00002461      0x250 D:\Atmel\ArduinoSketch2\ArduinoSketch2\ArduinoCore\Debug\libArduinoCore.a(MultiStepper.o)
 .debug_abbrev  0x000026b1       0x2a D:\Atmel\ArduinoSketch2\ArduinoSketch2\ArduinoCore\Debug\libArduinoCore.a(hooks.o)

.debug_line     0x00000000     0x3c38
 *(.debug_line .debug_line.* .debug_line_end)
 .debug_line    0x00000000      0x133 C:/Program Files (x86)/Atmel/Studio/7.0/Packs/atmel/ATmega_DFP/1.2.209/gcc/dev/atmega328p/avr5/crtatmega328p.o
 .debug_line    0x00000133      0x550 Sketch.o
 .debug_line    0x00000683      0x426 D:\Atmel\ArduinoSketch2\ArduinoSketch2\ArduinoCore\Debug\libArduinoCore.a(HardwareSerial.o)
 .debug_line    0x00000aa9      0x28c D:\Atmel\ArduinoSketch2\ArduinoSketch2\ArduinoCore\Debug\libArduinoCore.a(HardwareSerial0.o)
 .debug_line    0x00000d35      0x22c D:\Atmel\ArduinoSketch2\ArduinoSketch2\ArduinoCore\Debug\libArduinoCore.a(main.o)
 .debug_line    0x00000f61      0x685 D:\Atmel\ArduinoSketch2\ArduinoSketch2\ArduinoCore\Debug\libArduinoCore.a(Print.o)
 .debug_line    0x000015e6      0x299 D:\Atmel\ArduinoSketch2\ArduinoSketch2\ArduinoCore\Debug\libArduinoCore.a(wiring.o)
 .debug_line    0x0000187f      0x252 D:\Atmel\ArduinoSketch2\ArduinoSketch2\ArduinoCore\Debug\libArduinoCore.a(wiring_digital.o)
 .debug_line    0x00001ad1     0x1355 D:\Atmel\ArduinoSketch2\ArduinoSketch2\ArduinoCore\Debug\libArduinoCore.a(WString.o)
 .debug_line    0x00002e26      0xb4c D:\Atmel\ArduinoSketch2\ArduinoSketch2\ArduinoCore\Debug\libArduinoCore.a(AccelStepper.o)
 .debug_line    0x00003972      0x285 D:\Atmel\ArduinoSketch2\ArduinoSketch2\ArduinoCore\Debug\libArduinoCore.a(MultiStepper.o)
 .debug_line    0x00003bf7       0x41 D:\Atmel\ArduinoSketch2\ArduinoSketch2\ArduinoCore\Debug\libArduinoCore.a(hooks.o)

.debug_frame    0x00000000     0x1990
 *(.debug_frame)
 .debug_frame   0x00000000      0x1c4 Sketch.o
 .debug_frame   0x000001c4      0x110 D:\Atmel\ArduinoSketch2\ArduinoSketch2\ArduinoCore\Debug\libArduinoCore.a(HardwareSerial.o)
 .debug_frame   0x000002d4       0xe0 D:\Atmel\ArduinoSketch2\ArduinoSketch2\ArduinoCore\Debug\libArduinoCore.a(HardwareSerial0.o)
 .debug_frame   0x000003b4       0x64 D:\Atmel\ArduinoSketch2\ArduinoSketch2\ArduinoCore\Debug\libArduinoCore.a(main.o)
 .debug_frame   0x00000418      0x3ac D:\Atmel\ArduinoSketch2\ArduinoSketch2\ArduinoCore\Debug\libArduinoCore.a(Print.o)
 .debug_frame   0x000007c4       0xc4 D:\Atmel\ArduinoSketch2\ArduinoSketch2\ArduinoCore\Debug\libArduinoCore.a(wiring.o)
 .debug_frame   0x00000888       0x7c D:\Atmel\ArduinoSketch2\ArduinoSketch2\ArduinoCore\Debug\libArduinoCore.a(wiring_digital.o)
 .debug_frame   0x00000904      0xa60 D:\Atmel\ArduinoSketch2\ArduinoSketch2\ArduinoCore\Debug\libArduinoCore.a(WString.o)
 .debug_frame   0x00001364      0x518 D:\Atmel\ArduinoSketch2\ArduinoSketch2\ArduinoCore\Debug\libArduinoCore.a(AccelStepper.o)
 .debug_frame   0x0000187c       0xf0 D:\Atmel\ArduinoSketch2\ArduinoSketch2\ArduinoCore\Debug\libArduinoCore.a(MultiStepper.o)
 .debug_frame   0x0000196c       0x24 D:\Atmel\ArduinoSketch2\ArduinoSketch2\ArduinoCore\Debug\libArduinoCore.a(hooks.o)

.debug_str      0x00000000     0x2dec
 *(.debug_str)
 .debug_str     0x00000000      0x208 C:/Program Files (x86)/Atmel/Studio/7.0/Packs/atmel/ATmega_DFP/1.2.209/gcc/dev/atmega328p/avr5/crtatmega328p.o
 .debug_str     0x00000208     0x1141 Sketch.o
                               0x1228 (size before relaxing)
 .debug_str     0x00001349      0x7d4 D:\Atmel\ArduinoSketch2\ArduinoSketch2\ArduinoCore\Debug\libArduinoCore.a(HardwareSerial.o)
                               0x15d0 (size before relaxing)
 .debug_str     0x00001b1d       0x86 D:\Atmel\ArduinoSketch2\ArduinoSketch2\ArduinoCore\Debug\libArduinoCore.a(HardwareSerial0.o)
                               0x13ec (size before relaxing)
 .debug_str     0x00001ba3       0x56 D:\Atmel\ArduinoSketch2\ArduinoSketch2\ArduinoCore\Debug\libArduinoCore.a(main.o)
                                0x338 (size before relaxing)
 .debug_str     0x00001bf9      0x378 D:\Atmel\ArduinoSketch2\ArduinoSketch2\ArduinoCore\Debug\libArduinoCore.a(Print.o)
                               0x1226 (size before relaxing)
 .debug_str     0x00001f71      0x15c D:\Atmel\ArduinoSketch2\ArduinoSketch2\ArduinoCore\Debug\libArduinoCore.a(wiring.o)
                                0x22e (size before relaxing)
 .debug_str     0x000020cd       0xcf D:\Atmel\ArduinoSketch2\ArduinoSketch2\ArduinoCore\Debug\libArduinoCore.a(wiring_digital.o)
                                0x293 (size before relaxing)
 .debug_str     0x0000219c      0x403 D:\Atmel\ArduinoSketch2\ArduinoSketch2\ArduinoCore\Debug\libArduinoCore.a(WString.o)
                               0x1179 (size before relaxing)
 .debug_str     0x0000259f      0x7b8 D:\Atmel\ArduinoSketch2\ArduinoSketch2\ArduinoCore\Debug\libArduinoCore.a(AccelStepper.o)
                                0xb7c (size before relaxing)
 .debug_str     0x00002d57       0x79 D:\Atmel\ArduinoSketch2\ArduinoSketch2\ArduinoCore\Debug\libArduinoCore.a(MultiStepper.o)
                                0x4ae (size before relaxing)
 .debug_str     0x00002dd0       0x1c D:\Atmel\ArduinoSketch2\ArduinoSketch2\ArduinoCore\Debug\libArduinoCore.a(hooks.o)
                                0x123 (size before relaxing)

.debug_loc      0x00000000     0x90f5
 *(.debug_loc)
 .debug_loc     0x00000000      0x41d Sketch.o
 .debug_loc     0x0000041d      0x482 D:\Atmel\ArduinoSketch2\ArduinoSketch2\ArduinoCore\Debug\libArduinoCore.a(HardwareSerial.o)
 .debug_loc     0x0000089f      0x1b0 D:\Atmel\ArduinoSketch2\ArduinoSketch2\ArduinoCore\Debug\libArduinoCore.a(HardwareSerial0.o)
 .debug_loc     0x00000a4f       0x16 D:\Atmel\ArduinoSketch2\ArduinoSketch2\ArduinoCore\Debug\libArduinoCore.a(main.o)
 .debug_loc     0x00000a65     0x1c87 D:\Atmel\ArduinoSketch2\ArduinoSketch2\ArduinoCore\Debug\libArduinoCore.a(Print.o)
 .debug_loc     0x000026ec      0x28d D:\Atmel\ArduinoSketch2\ArduinoSketch2\ArduinoCore\Debug\libArduinoCore.a(wiring.o)
 .debug_loc     0x00002979      0x5fc D:\Atmel\ArduinoSketch2\ArduinoSketch2\ArduinoCore\Debug\libArduinoCore.a(wiring_digital.o)
 .debug_loc     0x00002f75     0x422d D:\Atmel\ArduinoSketch2\ArduinoSketch2\ArduinoCore\Debug\libArduinoCore.a(WString.o)
 .debug_loc     0x000071a2     0x1882 D:\Atmel\ArduinoSketch2\ArduinoSketch2\ArduinoCore\Debug\libArduinoCore.a(AccelStepper.o)
 .debug_loc     0x00008a24      0x6d1 D:\Atmel\ArduinoSketch2\ArduinoSketch2\ArduinoCore\Debug\libArduinoCore.a(MultiStepper.o)

.debug_macinfo
 *(.debug_macinfo)

.debug_weaknames
 *(.debug_weaknames)

.debug_funcnames
 *(.debug_funcnames)

.debug_typenames
 *(.debug_typenames)

.debug_varnames
 *(.debug_varnames)

.debug_pubtypes
 *(.debug_pubtypes)

.debug_ranges   0x00000000      0x7e0
 *(.debug_ranges)
 .debug_ranges  0x00000000       0x80 Sketch.o
 .debug_ranges  0x00000080       0x58 D:\Atmel\ArduinoSketch2\ArduinoSketch2\ArduinoCore\Debug\libArduinoCore.a(HardwareSerial.o)
 .debug_ranges  0x000000d8       0x38 D:\Atmel\ArduinoSketch2\ArduinoSketch2\ArduinoCore\Debug\libArduinoCore.a(HardwareSerial0.o)
 .debug_ranges  0x00000110       0x28 D:\Atmel\ArduinoSketch2\ArduinoSketch2\ArduinoCore\Debug\libArduinoCore.a(main.o)
 .debug_ranges  0x00000138      0x120 D:\Atmel\ArduinoSketch2\ArduinoSketch2\ArduinoCore\Debug\libArduinoCore.a(Print.o)
 .debug_ranges  0x00000258       0x38 D:\Atmel\ArduinoSketch2\ArduinoSketch2\ArduinoCore\Debug\libArduinoCore.a(wiring.o)
 .debug_ranges  0x00000290       0x28 D:\Atmel\ArduinoSketch2\ArduinoSketch2\ArduinoCore\Debug\libArduinoCore.a(wiring_digital.o)
 .debug_ranges  0x000002b8      0x2f8 D:\Atmel\ArduinoSketch2\ArduinoSketch2\ArduinoCore\Debug\libArduinoCore.a(WString.o)
 .debug_ranges  0x000005b0      0x1f0 D:\Atmel\ArduinoSketch2\ArduinoSketch2\ArduinoCore\Debug\libArduinoCore.a(AccelStepper.o)
 .debug_ranges  0x000007a0       0x30 D:\Atmel\ArduinoSketch2\ArduinoSketch2\ArduinoCore\Debug\libArduinoCore.a(MultiStepper.o)
 .debug_ranges  0x000007d0       0x10 D:\Atmel\ArduinoSketch2\ArduinoSketch2\ArduinoCore\Debug\libArduinoCore.a(hooks.o)

.debug_macro
 *(.debug_macro)
OUTPUT(MaximTest.elf elf32-avr)
LOAD linker stubs
