Archive member included to satisfy reference by file (symbol)

D:\Atmel\ArduinoSketch1\ArduinoSketch1\ArduinoCore\Debug\libArduinoCore.a(HardwareSerial.o)
                              Sketch.o (_ZN14HardwareSerial9availableEv)
D:\Atmel\ArduinoSketch1\ArduinoSketch1\ArduinoCore\Debug\libArduinoCore.a(HardwareSerial0.o)
                              Sketch.o (Serial)
D:\Atmel\ArduinoSketch1\ArduinoSketch1\ArduinoCore\Debug\libArduinoCore.a(main.o)
                              C:/Program Files (x86)/Atmel/Studio/7.0/Packs/atmel/ATmega_DFP/1.2.209/gcc/dev/atmega2560/avr6/crtatmega2560.o (main)
D:\Atmel\ArduinoSketch1\ArduinoSketch1\ArduinoCore\Debug\libArduinoCore.a(Print.o)
                              D:\Atmel\ArduinoSketch1\ArduinoSketch1\ArduinoCore\Debug\libArduinoCore.a(HardwareSerial.o) (_ZN5Print5writeEPKhj)
D:\Atmel\ArduinoSketch1\ArduinoSketch1\ArduinoCore\Debug\libArduinoCore.a(wiring.o)
                              Sketch.o (millis)
D:\Atmel\ArduinoSketch1\ArduinoSketch1\ArduinoCore\Debug\libArduinoCore.a(wiring_digital.o)
                              Sketch.o (digitalWrite)
D:\Atmel\ArduinoSketch1\ArduinoSketch1\ArduinoCore\Debug\libArduinoCore.a(WString.o)
                              Sketch.o (_ZN6StringD1Ev)
D:\Atmel\ArduinoSketch1\ArduinoSketch1\ArduinoCore\Debug\libArduinoCore.a(AccelStepper.o)
                              Sketch.o (_ZN12AccelStepper18setCurrentPositionEl)
D:\Atmel\ArduinoSketch1\ArduinoSketch1\ArduinoCore\Debug\libArduinoCore.a(MultiStepper.o)
                              Sketch.o (_ZN12MultiStepperC1Ev)
D:\Atmel\ArduinoSketch1\ArduinoSketch1\ArduinoCore\Debug\libArduinoCore.a(abi.o)
                              D:\Atmel\ArduinoSketch1\ArduinoSketch1\ArduinoCore\Debug\libArduinoCore.a(Print.o) (__cxa_pure_virtual)
D:\Atmel\ArduinoSketch1\ArduinoSketch1\ArduinoCore\Debug\libArduinoCore.a(hooks.o)
                              D:\Atmel\ArduinoSketch1\ArduinoSketch1\ArduinoCore\Debug\libArduinoCore.a(wiring.o) (yield)
c:/program files (x86)/atmel/studio/7.0/toolchain/avr8/avr8-gnu-toolchain/bin/../lib/gcc/avr/5.4.0/../../../../avr/lib/avr6\libm.a(addsf3.o)
                              D:\Atmel\ArduinoSketch1\ArduinoSketch1\ArduinoCore\Debug\libArduinoCore.a(Print.o) (__subsf3)
c:/program files (x86)/atmel/studio/7.0/toolchain/avr8/avr8-gnu-toolchain/bin/../lib/gcc/avr/5.4.0/../../../../avr/lib/avr6\libm.a(addsf3x.o)
                              c:/program files (x86)/atmel/studio/7.0/toolchain/avr8/avr8-gnu-toolchain/bin/../lib/gcc/avr/5.4.0/../../../../avr/lib/avr6\libm.a(addsf3.o) (__addsf3x)
c:/program files (x86)/atmel/studio/7.0/toolchain/avr8/avr8-gnu-toolchain/bin/../lib/gcc/avr/5.4.0/../../../../avr/lib/avr6\libm.a(cmpsf2.o)
                              D:\Atmel\ArduinoSketch1\ArduinoSketch1\ArduinoCore\Debug\libArduinoCore.a(AccelStepper.o) (__eqsf2)
c:/program files (x86)/atmel/studio/7.0/toolchain/avr8/avr8-gnu-toolchain/bin/../lib/gcc/avr/5.4.0/../../../../avr/lib/avr6\libm.a(divsf3.o)
                              D:\Atmel\ArduinoSketch1\ArduinoSketch1\ArduinoCore\Debug\libArduinoCore.a(Print.o) (__divsf3)
c:/program files (x86)/atmel/studio/7.0/toolchain/avr8/avr8-gnu-toolchain/bin/../lib/gcc/avr/5.4.0/../../../../avr/lib/avr6\libm.a(divsf3x.o)
                              c:/program files (x86)/atmel/studio/7.0/toolchain/avr8/avr8-gnu-toolchain/bin/../lib/gcc/avr/5.4.0/../../../../avr/lib/avr6\libm.a(divsf3.o) (__divsf3x)
c:/program files (x86)/atmel/studio/7.0/toolchain/avr8/avr8-gnu-toolchain/bin/../lib/gcc/avr/5.4.0/../../../../avr/lib/avr6\libm.a(fixsfsi.o)
                              D:\Atmel\ArduinoSketch1\ArduinoSketch1\ArduinoCore\Debug\libArduinoCore.a(AccelStepper.o) (__fixsfsi)
c:/program files (x86)/atmel/studio/7.0/toolchain/avr8/avr8-gnu-toolchain/bin/../lib/gcc/avr/5.4.0/../../../../avr/lib/avr6\libm.a(fixunssfsi.o)
                              D:\Atmel\ArduinoSketch1\ArduinoSketch1\ArduinoCore\Debug\libArduinoCore.a(Print.o) (__fixunssfsi)
c:/program files (x86)/atmel/studio/7.0/toolchain/avr8/avr8-gnu-toolchain/bin/../lib/gcc/avr/5.4.0/../../../../avr/lib/avr6\libm.a(floatsisf.o)
                              D:\Atmel\ArduinoSketch1\ArduinoSketch1\ArduinoCore\Debug\libArduinoCore.a(Print.o) (__floatunsisf)
c:/program files (x86)/atmel/studio/7.0/toolchain/avr8/avr8-gnu-toolchain/bin/../lib/gcc/avr/5.4.0/../../../../avr/lib/avr6\libm.a(fp_cmp.o)
                              c:/program files (x86)/atmel/studio/7.0/toolchain/avr8/avr8-gnu-toolchain/bin/../lib/gcc/avr/5.4.0/../../../../avr/lib/avr6\libm.a(cmpsf2.o) (__fp_cmp)
c:/program files (x86)/atmel/studio/7.0/toolchain/avr8/avr8-gnu-toolchain/bin/../lib/gcc/avr/5.4.0/../../../../avr/lib/avr6\libm.a(fp_inf.o)
                              c:/program files (x86)/atmel/studio/7.0/toolchain/avr8/avr8-gnu-toolchain/bin/../lib/gcc/avr/5.4.0/../../../../avr/lib/avr6\libm.a(addsf3x.o) (__fp_inf)
[...]
Memory Configuration

Name             Origin             Length             Attributes
text             0x00000000         0x00100000         xr
data             0x00800200         0x0000fe00         rw !x
eeprom           0x00810000         0x00010000         rw !x
fuse             0x00820000         0x00000003         rw !x
lock             0x00830000         0x00000400         rw !x
signature        0x00840000         0x00000400         rw !x
user_signatures  0x00850000         0x00000400         rw !x
*default*        0x00000000         0xffffffff

Linker script and memory map

Address of section .data set to 0x800200
LOAD C:/Program Files (x86)/Atmel/Studio/7.0/Packs/atmel/ATmega_DFP/1.2.209/gcc/dev/atmega2560/avr6/crtatmega2560.o
LOAD Sketch.o
START GROUP
LOAD c:/program files (x86)/atmel/studio/7.0/toolchain/avr8/avr8-gnu-toolchain/bin/../lib/gcc/avr/5.4.0/../../../../avr/lib/avr6\libm.a
LOAD D:\Atmel\ArduinoSketch1\ArduinoSketch1\ArduinoCore\Debug\libArduinoCore.a
END GROUP
LOAD c:/program files (x86)/atmel/studio/7.0/toolchain/avr8/avr8-gnu-toolchain/bin/../lib/gcc/avr/5.4.0/avr6\libgcc.a
LOAD c:/program files (x86)/atmel/studio/7.0/toolchain/avr8/avr8-gnu-toolchain/bin/../lib/gcc/avr/5.4.0/../../../../avr/lib/avr6\libm.a
START GROUP
LOAD c:/program files (x86)/atmel/studio/7.0/toolchain/avr8/avr8-gnu-toolchain/bin/../lib/gcc/avr/5.4.0/avr6\libgcc.a
LOAD c:/program files (x86)/atmel/studio/7.0/toolchain/avr8/avr8-gnu-toolchain/bin/../lib/gcc/avr/5.4.0/../../../../avr/lib/avr6\libm.a
LOAD c:/program files (x86)/atmel/studio/7.0/toolchain/avr8/avr8-gnu-toolchain/bin/../lib/gcc/avr/5.4.0/../../../../avr/lib/avr6\libc.a
LOAD C:/Program Files (x86)/Atmel/Studio/7.0/Packs/atmel/ATmega_DFP/1.2.209/gcc/dev/atmega2560/avr6\libatmega2560.a
END GROUP
                0x00100000                __TEXT_REGION_LENGTH__ = DEFINED (__TEXT_REGION_LENGTH__)?__TEXT_REGION_LENGTH__:0x100000
                0x0000fe00                __DATA_REGION_LENGTH__ = DEFINED (__DATA_REGION_LENGTH__)?__DATA_REGION_LENGTH__:0xfe00
                0x00010000                __EEPROM_REGION_LENGTH__ = DEFINED (__EEPROM_REGION_LENGTH__)?__EEPROM_REGION_LENGTH__:0x10000
                [0x00000003]                __FUSE_REGION_LENGTH__ = DEFINED (__FUSE_REGION_LENGTH__)?__FUSE_REGION_LENGTH__:0x400
                0x00000400                __LOCK_REGION_LENGTH__ = DEFINED (__LOCK_REGION_LENGTH__)?__LOCK_REGION_LENGTH__:0x400
                0x00000400                __SIGNATURE_REGION_LENGTH__ = DEFINED (__SIGNATURE_REGION_LENGTH__)?__SIGNATURE_REGION_LENGTH__:0x400
                0x00000400                __USER_SIGNATURE_REGION_LENGTH__ = DEFINED (__USER_SIGNATURE_REGION_LENGTH__)?__USER_SIGNATURE_REGION_LENGTH__:0x400

.hash
 *(.hash)

.dynsym
 *(.dynsym)

.dynstr
 *(.dynstr)

.gnu.version
 *(.gnu.version)

.gnu.version_d
 *(.gnu.version_d)

.gnu.version_r
 *(.gnu.version_r)

.rel.init
 *(.rel.init)

.rela.init
 *(.rela.init)

.rel.text
 *(.rel.text)
 *(.rel.text.*)
 *(.rel.gnu.linkonce.t*)

.rela.text
 *(.rela.text)
 *(.rela.text.*)
 *(.rela.gnu.linkonce.t*)

.rel.fini
 *(.rel.fini)

.rela.fini
 *(.rela.fini)

.rel.rodata
 *(.rel.rodata)
 *(.rel.rodata.*)
 *(.rel.gnu.linkonce.r*)

.rela.rodata
 *(.rela.rodata)
 *(.rela.rodata.*)
 *(.rela.gnu.linkonce.r*)

.rel.data
 *(.rel.data)
 *(.rel.data.*)
 *(.rel.gnu.linkonce.d*)

.rela.data
 *(.rela.data)
 *(.rela.data.*)
 *(.rela.gnu.linkonce.d*)

.rel.ctors
 *(.rel.ctors)

.rela.ctors
 *(.rela.ctors)

.rel.dtors
 *(.rel.dtors)

.rela.dtors
 *(.rela.dtors)

.rel.got
 *(.rel.got)

.rela.got
 *(.rela.got)

.rel.bss
 *(.rel.bss)

.rela.bss
 *(.rela.bss)

.rel.plt
 *(.rel.plt)

.rela.plt
 *(.rela.plt)

.text           0x00000000     0x2be6
 *(.vectors)
 .vectors       0x00000000       0xe4 C:/Program Files (x86)/Atmel/Studio/7.0/Packs/atmel/ATmega_DFP/1.2.209/gcc/dev/atmega2560/avr6/crtatmega2560.o
                0x00000000                __vector_default
                0x00000000                __vectors
 *(.vectors)
 *(.progmem.gcc*)
 .progmem.gcc_sw_table.turnOffPWM
                0x000000e4       0x24 D:\Atmel\ArduinoSketch1\ArduinoSketch1\ArduinoCore\Debug\libArduinoCore.a(wiring_digital.o)
 .progmem.gcc_sw_table._ZN12AccelStepper4stepEl
                0x00000108       0x12 D:\Atmel\ArduinoSketch1\ArduinoSketch1\ArduinoCore\Debug\libArduinoCore.a(AccelStepper.o)
 .progmem.gcc_sw_table._ZN12AccelStepper5step8El
                0x0000011a        0xe D:\Atmel\ArduinoSketch1\ArduinoSketch1\ArduinoCore\Debug\libArduinoCore.a(AccelStepper.o)
                0x00000128                . = ALIGN (0x2)
                0x00000128                __trampolines_start = .
 *(.trampolines)
 .trampolines   0x00000128        0x0 linker stubs
 *(.trampolines*)
                0x00000128                __trampolines_end = .
 *libprintf_flt.a:*(.progmem.data)
 *libc.a:*(.progmem.data)
 *(.progmem*)
 .progmem.data.digital_pin_to_timer_PGM
                0x00000128       0x46 D:\Atmel\ArduinoSketch1\ArduinoSketch1\ArduinoCore\Debug\libArduinoCore.a(wiring_digital.o)
                0x00000128                digital_pin_to_timer_PGM
 .progmem.data.digital_pin_to_bit_mask_PGM
                0x0000016e       0x46 D:\Atmel\ArduinoSketch1\ArduinoSketch1\ArduinoCore\Debug\libArduinoCore.a(wiring_digital.o)
                0x0000016e                digital_pin_to_bit_mask_PGM
 .progmem.data.digital_pin_to_port_PGM
                0x000001b4       0x46 D:\Atmel\ArduinoSketch1\ArduinoSketch1\ArduinoCore\Debug\libArduinoCore.a(wiring_digital.o)
                0x000001b4                digital_pin_to_port_PGM
 .progmem.data.port_to_output_PGM
                0x000001fa       0x1a D:\Atmel\ArduinoSketch1\ArduinoSketch1\ArduinoCore\Debug\libArduinoCore.a(wiring_digital.o)
                0x000001fa                port_to_output_PGM
 .progmem.data.port_to_mode_PGM
                0x00000214       0x1a D:\Atmel\ArduinoSketch1\ArduinoSketch1\ArduinoCore\Debug\libArduinoCore.a(wiring_digital.o)
                0x00000214                port_to_mode_PGM
                0x0000022e                . = ALIGN (0x2)
 *(.jumptables)
 *(.jumptables*)
 *(.lowtext)
 *(.lowtext*)
                0x0000022e                __ctors_start = .
 *(.ctors)
 .ctors         0x0000022e        0x2 Sketch.o
 .ctors         0x00000230        0x2 D:\Atmel\ArduinoSketch1\ArduinoSketch1\ArduinoCore\Debug\libArduinoCore.a(HardwareSerial0.o)
                0x00000232                __ctors_end = .
                0x00000232                __dtors_start = .
 *(.dtors)
 .dtors         0x00000232        0x2 Sketch.o
                0x00000234                __dtors_end = .
 SORT(*)(.ctors)
 SORT(*)(.dtors)
 *(.init0)
 .init0         0x00000234        0x0 C:/Program Files (x86)/Atmel/Studio/7.0/Packs/atmel/ATmega_DFP/1.2.209/gcc/dev/atmega2560/avr6/crtatmega2560.o
                0x00000234                __init
 *(.init0)
 *(.init1)
 *(.init1)
 *(.init2)
 .init2         0x00000234       0x10 C:/Program Files (x86)/Atmel/Studio/7.0/Packs/atmel/ATmega_DFP/1.2.209/gcc/dev/atmega2560/avr6/crtatmega2560.o
 *(.init2)
 *(.init3)
 *(.init3)
 *(.init4)
 .init4         0x00000244       0x1a c:/program files (x86)/atmel/studio/7.0/toolchain/avr8/avr8-gnu-toolchain/bin/../lib/gcc/avr/5.4.0/avr6\libgcc.a(_copy_data.o)
                0x00000244                __do_copy_data
 .init4         0x0000025e       0x10 c:/program files (x86)/atmel/studio/7.0/toolchain/avr8/avr8-gnu-toolchain/bin/../lib/gcc/avr/5.4.0/avr6\libgcc.a(_clear_bss.o)
                0x0000025e                __do_clear_bss
 *(.init4)
 *(.init5)
 *(.init5)
 *(.init6)
 .init6         0x0000026e       0x20 c:/program files (x86)/atmel/studio/7.0/toolchain/avr8/avr8-gnu-toolchain/bin/../lib/gcc/avr/5.4.0/avr6\libgcc.a(_ctors.o)
                0x0000026e                __do_global_ctors
 *(.init6)
 *(.init7)
 *(.init7)
 *(.init8)
 *(.init8)
 *(.init9)
 .init9         0x0000028e        0x6 C:/Program Files (x86)/Atmel/Studio/7.0/Packs/atmel/ATmega_DFP/1.2.209/gcc/dev/atmega2560/avr6/crtatmega2560.o
 *(.init9)
 *(.text)
 .text          0x00000294        0x2 C:/Program Files (x86)/Atmel/Studio/7.0/Packs/atmel/ATmega_DFP/1.2.209/gcc/dev/atmega2560/avr6/crtatmega2560.o
                0x00000294                __vector_38
                0x00000294                __vector_22
                0x00000294                __vector_28
                0x00000294                __vector_1
                0x00000294                __vector_32
                0x00000294                __vector_34
                0x00000294                __vector_24
                0x00000294                __vector_12
                0x00000294                __vector_55
                0x00000294                __vector_46
                0x00000294                __bad_interrupt
                0x00000294                __vector_31
                0x00000294                __vector_35
                0x00000294                __vector_39
                0x00000294                __vector_3
                0x00000294                __vector_30
                0x00000294                __vector_45
                0x00000294                __vector_11
                0x00000294                __vector_54
                0x00000294                __vector_13
                0x00000294                __vector_17
                0x00000294                __vector_19
                0x00000294                __vector_56
                0x00000294                __vector_7
                0x00000294                __vector_49
                0x00000294                __vector_41
                0x00000294                __vector_43
                0x00000294                __vector_27
                0x00000294                __vector_33
                0x00000294                __vector_47
                0x00000294                __vector_52
                0x00000294                __vector_37
                0x00000294                __vector_4
                0x00000294                __vector_44
                0x00000294                __vector_51
                0x00000294                __vector_9
                0x00000294                __vector_2
                0x00000294                __vector_21
                0x00000294                __vector_15
                0x00000294                __vector_36
                0x00000294                __vector_29
                0x00000294                __vector_40
                0x00000294                __vector_8
                0x00000294                __vector_48
                0x00000294                __vector_14
                0x00000294                __vector_53
                0x00000294                __vector_10
                0x00000294                __vector_50
                0x00000294                __vector_16
                0x00000294                __vector_18
                0x00000294                __vector_20
                0x00000294                __vector_42
                0x00000296                . = ALIGN (0x2)
 *(.text.*)
 .text.__vector_5
                0x00000296       0xd4 Sketch.o
                0x00000296                __vector_5
 .text.__vector_6
                0x0000036a       0xcc Sketch.o
                0x0000036a                __vector_6
 .text._Z9calibratev
                0x00000436      0x14c Sketch.o
                0x00000436                _Z9calibratev
 .text._Z7afisarev
                0x00000582       0xb8 Sketch.o
                0x00000582                _Z7afisarev
 .text._Z4workv
                0x0000063a       0xde Sketch.o
                0x0000063a                _Z4workv
 .text.startup._GLOBAL__sub_I_myStepperX
                0x00000718       0x4a Sketch.o
 .text.exit._GLOBAL__sub_D_myStepperX
                0x00000762        0x6 Sketch.o
 .text._Z6citirev
                0x00000768      0x120 Sketch.o
                0x00000768                _Z6citirev
 .text.loop     0x00000888       0x2a Sketch.o
                0x00000888                loop
 .text._ZN14HardwareSerial9availableEv
                0x000008b2       0x18 D:\Atmel\ArduinoSketch1\ArduinoSketch1\ArduinoCore\Debug\libArduinoCore.a(HardwareSerial.o)
                0x000008b2                _ZN14HardwareSerial9availableEv
 .text._ZN14HardwareSerial4peekEv
                0x000008ca       0x1c D:\Atmel\ArduinoSketch1\ArduinoSketch1\ArduinoCore\Debug\libArduinoCore.a(HardwareSerial.o)
                0x000008ca                _ZN14HardwareSerial4peekEv
 .text._ZN14HardwareSerial4readEv
                0x000008e6       0x28 D:\Atmel\ArduinoSketch1\ArduinoSketch1\ArduinoCore\Debug\libArduinoCore.a(HardwareSerial.o)
                0x000008e6                _ZN14HardwareSerial4readEv
 .text._ZN14HardwareSerial17availableForWriteEv
                0x0000090e       0x1e D:\Atmel\ArduinoSketch1\ArduinoSketch1\ArduinoCore\Debug\libArduinoCore.a(HardwareSerial.o)
                0x0000090e                _ZN14HardwareSerial17availableForWriteEv
 .text._Z14serialEventRunv
                0x0000092c       0x78 D:\Atmel\ArduinoSketch1\ArduinoSketch1\ArduinoCore\Debug\libArduinoCore.a(HardwareSerial.o)
                0x0000092c                _Z14serialEventRunv
 .text._ZN14HardwareSerial17_tx_udr_empty_irqEv
                0x000009a4       0x42 D:\Atmel\ArduinoSketch1\ArduinoSketch1\ArduinoCore\Debug\libArduinoCore.a(HardwareSerial.o)
                0x000009a4                _ZN14HardwareSerial17_tx_udr_empty_irqEv
 .text._ZN14HardwareSerial5writeEh
                0x000009e6       0x8c D:\Atmel\ArduinoSketch1\ArduinoSketch1\ArduinoCore\Debug\libArduinoCore.a(HardwareSerial.o)
                0x000009e6                _ZN14HardwareSerial5writeEh
 .text._ZN14HardwareSerial5flushEv
                0x00000a72       0x42 D:\Atmel\ArduinoSketch1\ArduinoSketch1\ArduinoCore\Debug\libArduinoCore.a(HardwareSerial.o)
                0x00000a72                _ZN14HardwareSerial5flushEv
 .text._ZN14HardwareSerial5beginEmh
                0x00000ab4       0xca D:\Atmel\ArduinoSketch1\ArduinoSketch1\ArduinoCore\Debug\libArduinoCore.a(HardwareSerial.o)
                0x00000ab4                _ZN14HardwareSerial5beginEmh
 .text.__vector_25
                0x00000b7e       0x6c D:\Atmel\ArduinoSketch1\ArduinoSketch1\ArduinoCore\Debug\libArduinoCore.a(HardwareSerial0.o)
                0x00000b7e                __vector_25
 .text.__vector_26
                0x00000bea       0x52 D:\Atmel\ArduinoSketch1\ArduinoSketch1\ArduinoCore\Debug\libArduinoCore.a(HardwareSerial0.o)
                0x00000bea                __vector_26
 .text._Z17Serial0_availablev
                0x00000c3c       0x12 D:\Atmel\ArduinoSketch1\ArduinoSketch1\ArduinoCore\Debug\libArduinoCore.a(HardwareSerial0.o)
                0x00000c3c                _Z17Serial0_availablev
 .text.startup._GLOBAL__sub_I___vector_25
                0x00000c4e       0x5a D:\Atmel\ArduinoSketch1\ArduinoSketch1\ArduinoCore\Debug\libArduinoCore.a(HardwareSerial0.o)
 .text.initVariant
                0x00000ca8        0x2 D:\Atmel\ArduinoSketch1\ArduinoSketch1\ArduinoCore\Debug\libArduinoCore.a(main.o)
                0x00000ca8                initVariant
 .text._Z12initializarev
                0x00000caa       0x2e D:\Atmel\ArduinoSketch1\ArduinoSketch1\ArduinoCore\Debug\libArduinoCore.a(main.o)
                0x00000caa                _Z12initializarev
 .text.startup.main
                0x00000cd8       0x14 D:\Atmel\ArduinoSketch1\ArduinoSketch1\ArduinoCore\Debug\libArduinoCore.a(main.o)
                0x00000cd8                main
 .text._ZN5Print5writeEPKhj
                0x00000cec       0x54 D:\Atmel\ArduinoSketch1\ArduinoSketch1\ArduinoCore\Debug\libArduinoCore.a(Print.o)
                0x00000cec                _ZN5Print5writeEPKhj
 .text._ZN5Print5writeEPKc
                0x00000d40       0x2a D:\Atmel\ArduinoSketch1\ArduinoSketch1\ArduinoCore\Debug\libArduinoCore.a(Print.o)
                0x00000d40                _ZN5Print5writeEPKc
 .text._ZN5Print5printEPKc
                0x00000d6a        0x2 D:\Atmel\ArduinoSketch1\ArduinoSketch1\ArduinoCore\Debug\libArduinoCore.a(Print.o)
                0x00000d6a                _ZN5Print5printEPKc
 .text._ZN5Print5printEc
                0x00000d6c        0xe D:\Atmel\ArduinoSketch1\ArduinoSketch1\ArduinoCore\Debug\libArduinoCore.a(Print.o)
                0x00000d6c                _ZN5Print5printEc
 .text._ZN5Print7printlnEv
                0x00000d7a        0x6 D:\Atmel\ArduinoSketch1\ArduinoSketch1\ArduinoCore\Debug\libArduinoCore.a(Print.o)
                0x00000d7a                _ZN5Print7printlnEv
 .text._ZN5Print7printlnEPKc
                0x00000d80       0x20 D:\Atmel\ArduinoSketch1\ArduinoSketch1\ArduinoCore\Debug\libArduinoCore.a(Print.o)
                0x00000d80                _ZN5Print7printlnEPKc
 .text._ZN5Print11printNumberEmh
                0x00000da0       0x90 D:\Atmel\ArduinoSketch1\ArduinoSketch1\ArduinoCore\Debug\libArduinoCore.a(Print.o)
                0x00000da0                _ZN5Print11printNumberEmh
 .text._ZN5Print5printEli
                0x00000e30       0x8a D:\Atmel\ArduinoSketch1\ArduinoSketch1\ArduinoCore\Debug\libArduinoCore.a(Print.o)
                0x00000e30                _ZN5Print5printEli
 .text._ZN5Print5printEii
                0x00000eba        0xc D:\Atmel\ArduinoSketch1\ArduinoSketch1\ArduinoCore\Debug\libArduinoCore.a(Print.o)
                0x00000eba                _ZN5Print5printEii
 .text._ZN5Print7printlnEii
                0x00000ec6       0x20 D:\Atmel\ArduinoSketch1\ArduinoSketch1\ArduinoCore\Debug\libArduinoCore.a(Print.o)
                0x00000ec6                _ZN5Print7printlnEii
 .text.__vector_23
                0x00000ee6       0x94 D:\Atmel\ArduinoSketch1\ArduinoSketch1\ArduinoCore\Debug\libArduinoCore.a(wiring.o)
                0x00000ee6                __vector_23
 .text.millis   0x00000f7a       0x18 D:\Atmel\ArduinoSketch1\ArduinoSketch1\ArduinoCore\Debug\libArduinoCore.a(wiring.o)
                0x00000f7a                millis
 .text.micros   0x00000f92       0x4a D:\Atmel\ArduinoSketch1\ArduinoSketch1\ArduinoCore\Debug\libArduinoCore.a(wiring.o)
                0x00000f92                micros
 .text.delay    0x00000fdc       0x74 D:\Atmel\ArduinoSketch1\ArduinoSketch1\ArduinoCore\Debug\libArduinoCore.a(wiring.o)
                0x00000fdc                delay
 .text.delayMicroseconds
                0x00001050       0x16 D:\Atmel\ArduinoSketch1\ArduinoSketch1\ArduinoCore\Debug\libArduinoCore.a(wiring.o)
                0x00001050                delayMicroseconds
 .text.init     0x00001066       0xc4 D:\Atmel\ArduinoSketch1\ArduinoSketch1\ArduinoCore\Debug\libArduinoCore.a(wiring.o)
                0x00001066                init
 .text.turnOffPWM
                0x0000112a       0xac D:\Atmel\ArduinoSketch1\ArduinoSketch1\ArduinoCore\Debug\libArduinoCore.a(wiring_digital.o)
 .text.pinMode  0x000011d6       0x78 D:\Atmel\ArduinoSketch1\ArduinoSketch1\ArduinoCore\Debug\libArduinoCore.a(wiring_digital.o)
                0x000011d6                pinMode
 .text.digitalWrite
                0x0000124e       0x5c D:\Atmel\ArduinoSketch1\ArduinoSketch1\ArduinoCore\Debug\libArduinoCore.a(wiring_digital.o)
                0x0000124e                digitalWrite
 .text._ZN6StringD2Ev
                0x000012aa        0xa D:\Atmel\ArduinoSketch1\ArduinoSketch1\ArduinoCore\Debug\libArduinoCore.a(WString.o)
                0x000012aa                _ZN6StringD2Ev
                0x000012aa                _ZN6StringD1Ev
 .text._ZN6String10invalidateEv
                0x000012b4       0x24 D:\Atmel\ArduinoSketch1\ArduinoSketch1\ArduinoCore\Debug\libArduinoCore.a(WString.o)
                0x000012b4                _ZN6String10invalidateEv
 .text._ZN6String12changeBufferEj
                0x000012d8       0x34 D:\Atmel\ArduinoSketch1\ArduinoSketch1\ArduinoCore\Debug\libArduinoCore.a(WString.o)
                0x000012d8                _ZN6String12changeBufferEj
 .text._ZN6String7reserveEj
                0x0000130c       0x36 D:\Atmel\ArduinoSketch1\ArduinoSketch1\ArduinoCore\Debug\libArduinoCore.a(WString.o)
                0x0000130c                _ZN6String7reserveEj
 .text._ZN6String4copyEPKcj
                0x00001342       0x3e D:\Atmel\ArduinoSketch1\ArduinoSketch1\ArduinoCore\Debug\libArduinoCore.a(WString.o)
                0x00001342                _ZN6String4copyEPKcj
 .text._ZN6StringC2EPKc
                0x00001380       0x28 D:\Atmel\ArduinoSketch1\ArduinoSketch1\ArduinoCore\Debug\libArduinoCore.a(WString.o)
                0x00001380                _ZN6StringC2EPKc
                0x00001380                _ZN6StringC1EPKc
 .text._ZN6StringaSEPKc
                0x000013a8       0x2a D:\Atmel\ArduinoSketch1\ArduinoSketch1\ArduinoCore\Debug\libArduinoCore.a(WString.o)
                0x000013a8                _ZN6StringaSEPKc
 .text._ZN6String6concatEPKcj
                0x000013d2       0x5a D:\Atmel\ArduinoSketch1\ArduinoSketch1\ArduinoCore\Debug\libArduinoCore.a(WString.o)
                0x000013d2                _ZN6String6concatEPKcj
 .text._ZN6String6concatEc
                0x0000142c       0x26 D:\Atmel\ArduinoSketch1\ArduinoSketch1\ArduinoCore\Debug\libArduinoCore.a(WString.o)
                0x0000142c                _ZN6String6concatEc
 .text._ZNK6String5toIntEv
                0x00001452       0x16 D:\Atmel\ArduinoSketch1\ArduinoSketch1\ArduinoCore\Debug\libArduinoCore.a(WString.o)
                0x00001452                _ZNK6String5toIntEv
 .text._ZN12AccelStepper4stepEl
                0x00001468       0x90 D:\Atmel\ArduinoSketch1\ArduinoSketch1\ArduinoCore\Debug\libArduinoCore.a(AccelStepper.o)
                0x00001468                _ZN12AccelStepper4stepEl
 .text._ZN12AccelStepper5step6El
                0x000014f8       0xac D:\Atmel\ArduinoSketch1\ArduinoSketch1\ArduinoCore\Debug\libArduinoCore.a(AccelStepper.o)
                0x000014f8                _ZN12AccelStepper5step6El
 .text._ZN12AccelStepper5step8El
                0x000015a4       0x70 D:\Atmel\ArduinoSketch1\ArduinoSketch1\ArduinoCore\Debug\libArduinoCore.a(AccelStepper.o)
                0x000015a4                _ZN12AccelStepper5step8El
 .text._ZN12AccelStepper13setOutputPinsEh
                0x00001614       0x6e D:\Atmel\ArduinoSketch1\ArduinoSketch1\ArduinoCore\Debug\libArduinoCore.a(AccelStepper.o)
                0x00001614                _ZN12AccelStepper13setOutputPinsEh
 .text._ZN12AccelStepper5step1El
                0x00001682       0x5e D:\Atmel\ArduinoSketch1\ArduinoSketch1\ArduinoCore\Debug\libArduinoCore.a(AccelStepper.o)
                0x00001682                _ZN12AccelStepper5step1El
 .text._ZN12AccelStepper13enableOutputsEv
                0x000016e0       0x5c D:\Atmel\ArduinoSketch1\ArduinoSketch1\ArduinoCore\Debug\libArduinoCore.a(AccelStepper.o)
                0x000016e0                _ZN12AccelStepper13enableOutputsEv
 .text._ZN12AccelStepper14disableOutputsEv
                0x0000173c       0x38 D:\Atmel\ArduinoSketch1\ArduinoSketch1\ArduinoCore\Debug\libArduinoCore.a(AccelStepper.o)
                0x0000173c                _ZN12AccelStepper14disableOutputsEv
 .text._ZN12AccelStepper5step4El
                0x00001774       0x42 D:\Atmel\ArduinoSketch1\ArduinoSketch1\ArduinoCore\Debug\libArduinoCore.a(AccelStepper.o)
                0x00001774                _ZN12AccelStepper5step4El
 .text._ZN12AccelStepper5step3El
                0x000017b6       0x66 D:\Atmel\ArduinoSketch1\ArduinoSketch1\ArduinoCore\Debug\libArduinoCore.a(AccelStepper.o)
                0x000017b6                _ZN12AccelStepper5step3El
 .text._ZN12AccelStepper5step2El
                0x0000181c       0x42 D:\Atmel\ArduinoSketch1\ArduinoSketch1\ArduinoCore\Debug\libArduinoCore.a(AccelStepper.o)
                0x0000181c                _ZN12AccelStepper5step2El
 .text._ZN12AccelStepper5step0El
                0x0000185e       0x2a D:\Atmel\ArduinoSketch1\ArduinoSketch1\ArduinoCore\Debug\libArduinoCore.a(AccelStepper.o)
                0x0000185e                _ZN12AccelStepper5step0El
 .text._ZN12AccelStepper8runSpeedEv
                0x00001888       0xa2 D:\Atmel\ArduinoSketch1\ArduinoSketch1\ArduinoCore\Debug\libArduinoCore.a(AccelStepper.o)
                0x00001888                _ZN12AccelStepper8runSpeedEv
 .text._ZN12AccelStepper12distanceToGoEv
                0x0000192a       0x28 D:\Atmel\ArduinoSketch1\ArduinoSketch1\ArduinoCore\Debug\libArduinoCore.a(AccelStepper.o)
                0x0000192a                _ZN12AccelStepper12distanceToGoEv
 .text._ZN12AccelStepper15currentPositionEv
                0x00001952        0xc D:\Atmel\ArduinoSketch1\ArduinoSketch1\ArduinoCore\Debug\libArduinoCore.a(AccelStepper.o)
                0x00001952                _ZN12AccelStepper15currentPositionEv
 .text._ZN12AccelStepper18setCurrentPositionEl
                0x0000195e       0x2c D:\Atmel\ArduinoSketch1\ArduinoSketch1\ArduinoCore\Debug\libArduinoCore.a(AccelStepper.o)
                0x0000195e                _ZN12AccelStepper18setCurrentPositionEl
 .text._ZN12AccelStepper15computeNewSpeedEv
                0x0000198a      0x280 D:\Atmel\ArduinoSketch1\ArduinoSketch1\ArduinoCore\Debug\libArduinoCore.a(AccelStepper.o)
                0x0000198a                _ZN12AccelStepper15computeNewSpeedEv
 .text._ZN12AccelStepper6moveToEl
                0x00001c0a       0x2c D:\Atmel\ArduinoSketch1\ArduinoSketch1\ArduinoCore\Debug\libArduinoCore.a(AccelStepper.o)
                0x00001c0a                _ZN12AccelStepper6moveToEl
 .text._ZN12AccelStepper15setAccelerationEf.part.8
                0x00001c36       0xf0 D:\Atmel\ArduinoSketch1\ArduinoSketch1\ArduinoCore\Debug\libArduinoCore.a(AccelStepper.o)
 .text._ZN12AccelStepperC2Ehhhhhb
                0x00001d26       0xc2 D:\Atmel\ArduinoSketch1\ArduinoSketch1\ArduinoCore\Debug\libArduinoCore.a(AccelStepper.o)
                0x00001d26                _ZN12AccelStepperC1Ehhhhhb
                0x00001d26                _ZN12AccelStepperC2Ehhhhhb
 .text._ZN12AccelStepper11setMaxSpeedEf
                0x00001de8       0xd4 D:\Atmel\ArduinoSketch1\ArduinoSketch1\ArduinoCore\Debug\libArduinoCore.a(AccelStepper.o)
                0x00001de8                _ZN12AccelStepper11setMaxSpeedEf
 .text._ZN12AccelStepper8maxSpeedEv
                0x00001ebc        0xc D:\Atmel\ArduinoSketch1\ArduinoSketch1\ArduinoCore\Debug\libArduinoCore.a(AccelStepper.o)
                0x00001ebc                _ZN12AccelStepper8maxSpeedEv
 .text._ZN12AccelStepper8setSpeedEf
                0x00001ec8       0xe0 D:\Atmel\ArduinoSketch1\ArduinoSketch1\ArduinoCore\Debug\libArduinoCore.a(AccelStepper.o)
                0x00001ec8                _ZN12AccelStepper8setSpeedEf
 .text._ZN12MultiStepperC2Ev
                0x00001fa8        0x6 D:\Atmel\ArduinoSketch1\ArduinoSketch1\ArduinoCore\Debug\libArduinoCore.a(MultiStepper.o)
                0x00001fa8                _ZN12MultiStepperC1Ev
                0x00001fa8                _ZN12MultiStepperC2Ev
 .text._ZN12MultiStepper10addStepperER12AccelStepper
                0x00001fae       0x22 D:\Atmel\ArduinoSketch1\ArduinoSketch1\ArduinoCore\Debug\libArduinoCore.a(MultiStepper.o)
                0x00001fae                _ZN12MultiStepper10addStepperER12AccelStepper
 .text._ZN12MultiStepper6moveToEPl
                0x00001fd0      0x188 D:\Atmel\ArduinoSketch1\ArduinoSketch1\ArduinoCore\Debug\libArduinoCore.a(MultiStepper.o)
                0x00001fd0                _ZN12MultiStepper6moveToEPl
 .text._ZN12MultiStepper3runEv
                0x00002158       0x4e D:\Atmel\ArduinoSketch1\ArduinoSketch1\ArduinoCore\Debug\libArduinoCore.a(MultiStepper.o)
                0x00002158                _ZN12MultiStepper3runEv
 .text._ZN12MultiStepper18runSpeedToPositionEv
                0x000021a6       0x14 D:\Atmel\ArduinoSketch1\ArduinoSketch1\ArduinoCore\Debug\libArduinoCore.a(MultiStepper.o)
                0x000021a6                _ZN12MultiStepper18runSpeedToPositionEv
 .text.__empty  0x000021ba        0x2 D:\Atmel\ArduinoSketch1\ArduinoSketch1\ArduinoCore\Debug\libArduinoCore.a(hooks.o)
                0x000021ba                yield
 .text.avr-libc.fplib
                0x000021bc        0xa c:/program files (x86)/atmel/studio/7.0/toolchain/avr8/avr8-gnu-toolchain/bin/../lib/gcc/avr/5.4.0/../../../../avr/lib/avr6\libm.a(addsf3.o)
                0x000021bc                __subsf3
                0x000021be                __addsf3
 .text.avr-libc.fplib
                0x000021c6       0xc0 c:/program files (x86)/atmel/studio/7.0/toolchain/avr8/avr8-gnu-toolchain/bin/../lib/gcc/avr/5.4.0/../../../../avr/lib/avr6\libm.a(addsf3x.o)
                0x000021e0                __addsf3x
 .text.avr-libc.fplib
                0x00002286        0x8 c:/program files (x86)/atmel/studio/7.0/toolchain/avr8/avr8-gnu-toolchain/bin/../lib/gcc/avr/5.4.0/../../../../avr/lib/avr6\libm.a(cmpsf2.o)
                0x00002286                __nesf2
                0x00002286                __eqsf2
                0x00002286                __cmpsf2
                0x00002286                __ltsf2
                0x00002286                __lesf2
 .text.avr-libc.fplib
                0x0000228e        0x4 c:/program files (x86)/atmel/studio/7.0/toolchain/avr8/avr8-gnu-toolchain/bin/../lib/gcc/avr/5.4.0/../../../../avr/lib/avr6\libm.a(divsf3.o)
                0x0000228e                __divsf3
 .text.avr-libc.fplib
                0x00002292       0xcc c:/program files (x86)/atmel/studio/7.0/toolchain/avr8/avr8-gnu-toolchain/bin/../lib/gcc/avr/5.4.0/../../../../avr/lib/avr6\libm.a(divsf3x.o)
                0x000022a8                __divsf3x
                0x000022ac                __divsf3_pse
 .text.avr-libc.fplib
                0x0000235e        0xa c:/program files (x86)/atmel/studio/7.0/toolchain/avr8/avr8-gnu-toolchain/bin/../lib/gcc/avr/5.4.0/../../../../avr/lib/avr6\libm.a(fixsfsi.o)
                0x0000235e                __fixsfsi
 .text.avr-libc.fplib
                0x00002368       0x58 c:/program files (x86)/atmel/studio/7.0/toolchain/avr8/avr8-gnu-toolchain/bin/../lib/gcc/avr/5.4.0/../../../../avr/lib/avr6\libm.a(fixunssfsi.o)
                0x00002368                __fixunssfsi
 .text.avr-libc.fplib
                0x000023c0       0x7a c:/program files (x86)/atmel/studio/7.0/toolchain/avr8/avr8-gnu-toolchain/bin/../lib/gcc/avr/5.4.0/../../../../avr/lib/avr6\libm.a(floatsisf.o)
                0x000023c0                __floatunsisf
                0x000023c4                __floatsisf
 .text.avr-libc.fplib
                0x0000243a       0x48 c:/program files (x86)/atmel/studio/7.0/toolchain/avr8/avr8-gnu-toolchain/bin/../lib/gcc/avr/5.4.0/../../../../avr/lib/avr6\libm.a(fp_cmp.o)
                0x0000243a                __fp_cmp
 .text.avr-libc.fplib
                0x00002482        0xc c:/program files (x86)/atmel/studio/7.0/toolchain/avr8/avr8-gnu-toolchain/bin/../lib/gcc/avr/5.4.0/../../../../avr/lib/avr6\libm.a(fp_inf.o)
                0x00002482                __fp_inf
 .text.avr-libc.fplib
                0x0000248e        0x6 c:/program files (x86)/atmel/studio/7.0/toolchain/avr8/avr8-gnu-toolchain/bin/../lib/gcc/avr/5.4.0/../../../../avr/lib/avr6\libm.a(fp_nan.o)
                0x0000248e                __fp_nan
 .text.avr-libc.fplib
                0x00002494        0xe c:/program files (x86)/atmel/studio/7.0/toolchain/avr8/avr8-gnu-toolchain/bin/../lib/gcc/avr/5.4.0/../../../../avr/lib/avr6\libm.a(fp_pscA.o)
                0x00002494                __fp_pscA
 .text.avr-libc.fplib
                0x000024a2        0xe c:/program files (x86)/atmel/studio/7.0/toolchain/avr8/avr8-gnu-toolchain/bin/../lib/gcc/avr/5.4.0/../../../../avr/lib/avr6\libm.a(fp_pscB.o)
                0x000024a2                __fp_pscB
 .text.avr-libc.fplib
                0x000024b0       0x22 c:/program files (x86)/atmel/studio/7.0/toolchain/avr8/avr8-gnu-toolchain/bin/../lib/gcc/avr/5.4.0/../../../../avr/lib/avr6\libm.a(fp_round.o)
                0x000024b0                __fp_round
 .text.avr-libc.fplib
                0x000024d2       0x44 c:/program files (x86)/atmel/studio/7.0/toolchain/avr8/avr8-gnu-toolchain/bin/../lib/gcc/avr/5.4.0/../../../../avr/lib/avr6\libm.a(fp_split3.o)
                0x000024d2                __fp_split3
                0x000024e2                __fp_splitA
 .text.avr-libc.fplib
                0x00002516        0xe c:/program files (x86)/atmel/studio/7.0/toolchain/avr8/avr8-gnu-toolchain/bin/../lib/gcc/avr/5.4.0/../../../../avr/lib/avr6\libm.a(fp_zero.o)
                0x00002516                __fp_zero
                0x00002518                __fp_szero
 .text.avr-libc.fplib
                0x00002524        0x8 c:/program files (x86)/atmel/studio/7.0/toolchain/avr8/avr8-gnu-toolchain/bin/../lib/gcc/avr/5.4.0/../../../../avr/lib/avr6\libm.a(gesf2.o)
                0x00002524                __gesf2
                0x00002524                __gtsf2
 .text.avr-libc.fplib
                0x0000252c        0x4 c:/program files (x86)/atmel/studio/7.0/toolchain/avr8/avr8-gnu-toolchain/bin/../lib/gcc/avr/5.4.0/../../../../avr/lib/avr6\libm.a(mulsf3.o)
                0x0000252c                __mulsf3
 .text.avr-libc.fplib
                0x00002530       0xc2 c:/program files (x86)/atmel/studio/7.0/toolchain/avr8/avr8-gnu-toolchain/bin/../lib/gcc/avr/5.4.0/../../../../avr/lib/avr6\libm.a(mulsf3x.o)
                0x00002544                __mulsf3x
                0x00002548                __mulsf3_pse
 .text.avr-libc.fplib
                0x000025f2       0x84 c:/program files (x86)/atmel/studio/7.0/toolchain/avr8/avr8-gnu-toolchain/bin/../lib/gcc/avr/5.4.0/../../../../avr/lib/avr6\libm.a(sqrt.o)
                0x000025fa                sqrtf
                0x000025fa                sqrt
 .text.avr-libc.fplib
                0x00002676       0x1c c:/program files (x86)/atmel/studio/7.0/toolchain/avr8/avr8-gnu-toolchain/bin/../lib/gcc/avr/5.4.0/../../../../avr/lib/avr6\libm.a(fp_mpack.o)
                0x00002676                __fp_mpack
                0x0000267a                __fp_mpack_finite
 .text.avr-libc.fplib
                0x00002692        0xe c:/program files (x86)/atmel/studio/7.0/toolchain/avr8/avr8-gnu-toolchain/bin/../lib/gcc/avr/5.4.0/../../../../avr/lib/avr6\libm.a(fp_norm2.o)
                0x00002692                __fp_norm2
 .text.libgcc.div
                0x000026a0       0x44 c:/program files (x86)/atmel/studio/7.0/toolchain/avr8/avr8-gnu-toolchain/bin/../lib/gcc/avr/5.4.0/avr6\libgcc.a(_udivmodsi4.o)
                0x000026a0                __udivmodsi4
 .text.libgcc.div
                0x000026e4       0x28 c:/program files (x86)/atmel/studio/7.0/toolchain/avr8/avr8-gnu-toolchain/bin/../lib/gcc/avr/5.4.0/avr6\libgcc.a(_divmodsi4.o)
                0x000026e4                __divmodsi4
 .text.libgcc.div
                0x0000270c       0x10 c:/program files (x86)/atmel/studio/7.0/toolchain/avr8/avr8-gnu-toolchain/bin/../lib/gcc/avr/5.4.0/avr6\libgcc.a(_negsi2.o)
                0x0000270c                __negsi2
 .text.libgcc   0x0000271c       0x10 c:/program files (x86)/atmel/studio/7.0/toolchain/avr8/avr8-gnu-toolchain/bin/../lib/gcc/avr/5.4.0/avr6\libgcc.a(_tablejump2.o)
                0x0000271c                __tablejump2__
 .text.avr-libc
                0x0000272c      0x242 c:/program files (x86)/atmel/studio/7.0/toolchain/avr8/avr8-gnu-toolchain/bin/../lib/gcc/avr/5.4.0/../../../../avr/lib/avr6\libc.a(malloc.o)
                0x0000272c                malloc
                0x0000285c                free
 .text.avr-libc
                0x0000296e      0x1c0 c:/program files (x86)/atmel/studio/7.0/toolchain/avr8/avr8-gnu-toolchain/bin/../lib/gcc/avr/5.4.0/../../../../avr/lib/avr6\libc.a(realloc.o)
                0x0000296e                realloc
 .text.avr-libc
                0x00002b2e       0x4c c:/program files (x86)/atmel/studio/7.0/toolchain/avr8/avr8-gnu-toolchain/bin/../lib/gcc/avr/5.4.0/../../../../avr/lib/avr6\libc.a(atol.o)
                0x00002b2e                atol
 .text.avr-libc
                0x00002b7a       0x12 c:/program files (x86)/atmel/studio/7.0/toolchain/avr8/avr8-gnu-toolchain/bin/../lib/gcc/avr/5.4.0/../../../../avr/lib/avr6\libc.a(memcpy.o)
                0x00002b7a                memcpy
 .text.avr-libc
                0x00002b8c        0xe c:/program files (x86)/atmel/studio/7.0/toolchain/avr8/avr8-gnu-toolchain/bin/../lib/gcc/avr/5.4.0/../../../../avr/lib/avr6\libc.a(strcpy.o)
                0x00002b8c                strcpy
 .text.avr-libc
                0x00002b9a       0x2a c:/program files (x86)/atmel/studio/7.0/toolchain/avr8/avr8-gnu-toolchain/bin/../lib/gcc/avr/5.4.0/../../../../avr/lib/avr6\libc.a(mulsi10.o)
                0x00002b9a                __mulsi_const_10
                0x00002bc4                . = ALIGN (0x2)
 *(.fini9)
 .fini9         0x00002bc4        0x0 c:/program files (x86)/atmel/studio/7.0/toolchain/avr8/avr8-gnu-toolchain/bin/../lib/gcc/avr/5.4.0/avr6\libgcc.a(_exit.o)
                0x00002bc4                _exit
                0x00002bc4                exit
 *(.fini9)
 *(.fini8)
 *(.fini8)
 *(.fini7)
 *(.fini7)
 *(.fini6)
 .fini6         0x00002bc4       0x1e c:/program files (x86)/atmel/studio/7.0/toolchain/avr8/avr8-gnu-toolchain/bin/../lib/gcc/avr/5.4.0/avr6\libgcc.a(_dtors.o)
                0x00002bc4                __do_global_dtors
 *(.fini6)
 *(.fini5)
 *(.fini5)
 *(.fini4)
 *(.fini4)
 *(.fini3)
 *(.fini3)
 *(.fini2)
 *(.fini2)
 *(.fini1)
 *(.fini1)
 *(.fini0)
 .fini0         0x00002be2        0x4 c:/program files (x86)/atmel/studio/7.0/toolchain/avr8/avr8-gnu-toolchain/bin/../lib/gcc/avr/5.4.0/avr6\libgcc.a(_exit.o)
 *(.fini0)
                0x00002be6                _etext = .

.data           0x00800200       0x60 load address 0x00002be6
                0x00800200                PROVIDE (__data_start, .)
 *(.data)
 .data          0x00800200        0x6 c:/program files (x86)/atmel/studio/7.0/toolchain/avr8/avr8-gnu-toolchain/bin/../lib/gcc/avr/5.4.0/../../../../avr/lib/avr6\libc.a(malloc.o)
                0x00800200                __malloc_heap_end
                0x00800202                __malloc_heap_start
                0x00800204                __malloc_margin
 *(.data*)
 *(.gnu.linkonce.d*)
 *(.rodata)
 *(.rodata*)
 .rodata.str1.1
                0x00800206       0x1e Sketch.o
                                 0x1f (size before relaxing)
 .rodata._ZTV14HardwareSerial
                0x00800224       0x12 D:\Atmel\ArduinoSketch1\ArduinoSketch1\ArduinoCore\Debug\libArduinoCore.a(HardwareSerial.o)
                0x00800224                _ZTV14HardwareSerial
 .rodata.str1.1
                0x00800236        0xf D:\Atmel\ArduinoSketch1\ArduinoSketch1\ArduinoCore\Debug\libArduinoCore.a(Print.o)
 .rodata._ZTV12AccelStepper
                0x00800245       0x1a D:\Atmel\ArduinoSketch1\ArduinoSketch1\ArduinoCore\Debug\libArduinoCore.a(AccelStepper.o)
                0x00800245                _ZTV12AccelStepper
 *(.gnu.linkonce.r*)
                0x00800260                . = ALIGN (0x2)
 *fill*         0x0080025f        0x1 
                0x00800260                _edata = .
                0x00800260                PROVIDE (__data_end, .)

.bss            0x00800260      0x616
                0x00800260                PROVIDE (__bss_start, .)
 *(.bss)
 *(.bss*)
 .bss._ZZ10__vector_6E19last_interrupt_time
                0x00800260        0x4 Sketch.o
 .bss._ZZ10__vector_5E19last_interrupt_time
                0x00800264        0x4 Sketch.o
 .bss.nRead     0x00800268        0x1 Sketch.o
                0x00800268                nRead
 .bss.n         0x00800269        0x2 Sketch.o
                0x00800269                n
 .bss.steppers  0x0080026b       0x15 Sketch.o
                0x0080026b                steppers
 .bss.inString  0x00800280        0x6 Sketch.o
                0x00800280                inString
 .bss.integerValue
                0x00800286        0x2 Sketch.o
                0x00800286                integerValue
 .bss.r         0x00800288        0x2 Sketch.o
                0x00800288                r
 .bss.state     0x0080028a        0x2 Sketch.o
                0x0080028a                state
 .bss.j         0x0080028c        0x2 Sketch.o
                0x0080028c                j
 .bss.i         0x0080028e        0x2 Sketch.o
                0x0080028e                i
 .bss.col       0x00800290        0x2 Sketch.o
                0x00800290                col
 .bss.row       0x00800292        0x2 Sketch.o
                0x00800292                row
 .bss.TabelCoordonate
                0x00800294      0x4b0 Sketch.o
                0x00800294                TabelCoordonate
 .bss.myStepperY
                0x00800744       0x44 Sketch.o
                0x00800744                myStepperY
 .bss.myStepperX
                0x00800788       0x44 Sketch.o
                0x00800788                myStepperX
 .bss.Serial    0x008007cc       0x9d D:\Atmel\ArduinoSketch1\ArduinoSketch1\ArduinoCore\Debug\libArduinoCore.a(HardwareSerial0.o)
                0x008007cc                Serial
 .bss.timer0_fract
                0x00800869        0x1 D:\Atmel\ArduinoSketch1\ArduinoSketch1\ArduinoCore\Debug\libArduinoCore.a(wiring.o)
 .bss.timer0_millis
                0x0080086a        0x4 D:\Atmel\ArduinoSketch1\ArduinoSketch1\ArduinoCore\Debug\libArduinoCore.a(wiring.o)
                0x0080086a                timer0_millis
 .bss.timer0_overflow_count
                0x0080086e        0x4 D:\Atmel\ArduinoSketch1\ArduinoSketch1\ArduinoCore\Debug\libArduinoCore.a(wiring.o)
                0x0080086e                timer0_overflow_count
 *(COMMON)
 COMMON         0x00800872        0x4 c:/program files (x86)/atmel/studio/7.0/toolchain/avr8/avr8-gnu-toolchain/bin/../lib/gcc/avr/5.4.0/../../../../avr/lib/avr6\libc.a(malloc.o)
                0x00800872                __brkval
                0x00800874                __flp
                0x00800876                PROVIDE (__bss_end, .)
                0x00002be6                __data_load_start = LOADADDR (.data)
                0x00002c46                __data_load_end = (__data_load_start + SIZEOF (.data))

.noinit         0x00800876        0x0
                [!provide]                PROVIDE (__noinit_start, .)
 *(.noinit*)
                [!provide]                PROVIDE (__noinit_end, .)
                0x00800876                _end = .
                0x00800876                PROVIDE (__heap_start, .)

.eeprom         0x00810000        0x0
 *(.eeprom*)
                0x00810000                __eeprom_end = .

.fuse
 *(.fuse)
 *(.lfuse)
 *(.hfuse)
 *(.efuse)

.lock
 *(.lock*)

.signature
 *(.signature*)

.user_signatures
 *(.user_signatures*)

.stab
 *(.stab)

.stabstr
 *(.stabstr)

.stab.excl
 *(.stab.excl)

.stab.exclstr
 *(.stab.exclstr)

.stab.index
 *(.stab.index)

.stab.indexstr
 *(.stab.indexstr)

.comment        0x00000000       0x30
 *(.comment)
 .comment       0x00000000       0x30 Sketch.o
                                 0x31 (size before relaxing)
 .comment       0x00000030       0x31 D:\Atmel\ArduinoSketch1\ArduinoSketch1\ArduinoCore\Debug\libArduinoCore.a(HardwareSerial.o)
 .comment       0x00000030       0x31 D:\Atmel\ArduinoSketch1\ArduinoSketch1\ArduinoCore\Debug\libArduinoCore.a(HardwareSerial0.o)
 .comment       0x00000030       0x31 D:\Atmel\ArduinoSketch1\ArduinoSketch1\ArduinoCore\Debug\libArduinoCore.a(main.o)
 .comment       0x00000030       0x31 D:\Atmel\ArduinoSketch1\ArduinoSketch1\ArduinoCore\Debug\libArduinoCore.a(Print.o)
 .comment       0x00000030       0x31 D:\Atmel\ArduinoSketch1\ArduinoSketch1\ArduinoCore\Debug\libArduinoCore.a(wiring.o)
 .comment       0x00000030       0x31 D:\Atmel\ArduinoSketch1\ArduinoSketch1\ArduinoCore\Debug\libArduinoCore.a(wiring_digital.o)
 .comment       0x00000030       0x31 D:\Atmel\ArduinoSketch1\ArduinoSketch1\ArduinoCore\Debug\libArduinoCore.a(WString.o)
 .comment       0x00000030       0x31 D:\Atmel\ArduinoSketch1\ArduinoSketch1\ArduinoCore\Debug\libArduinoCore.a(AccelStepper.o)
 .comment       0x00000030       0x31 D:\Atmel\ArduinoSketch1\ArduinoSketch1\ArduinoCore\Debug\libArduinoCore.a(MultiStepper.o)
 .comment       0x00000030       0x31 D:\Atmel\ArduinoSketch1\ArduinoSketch1\ArduinoCore\Debug\libArduinoCore.a(hooks.o)
 .comment       0x00000030       0x31 c:/program files (x86)/atmel/studio/7.0/toolchain/avr8/avr8-gnu-toolchain/bin/../lib/gcc/avr/5.4.0/../../../../avr/lib/avr6\libc.a(malloc.o)
 .comment       0x00000030       0x31 c:/program files (x86)/atmel/studio/7.0/toolchain/avr8/avr8-gnu-toolchain/bin/../lib/gcc/avr/5.4.0/../../../../avr/lib/avr6\libc.a(realloc.o)

.note.gnu.avr.deviceinfo
                0x00000000       0x40
 .note.gnu.avr.deviceinfo
                0x00000000       0x40 C:/Program Files (x86)/Atmel/Studio/7.0/Packs/atmel/ATmega_DFP/1.2.209/gcc/dev/atmega2560/avr6/crtatmega2560.o

.note.gnu.build-id
 *(.note.gnu.build-id)

.debug
 *(.debug)

.line
 *(.line)

.debug_srcinfo
 *(.debug_srcinfo)

.debug_sfnames
 *(.debug_sfnames)

.debug_aranges  0x00000000      0x720
 *(.debug_aranges)
 .debug_aranges
                0x00000000       0x60 Sketch.o
 .debug_aranges
                0x00000060       0x68 D:\Atmel\ArduinoSketch1\ArduinoSketch1\ArduinoCore\Debug\libArduinoCore.a(HardwareSerial.o)
 .debug_aranges
                0x000000c8       0x48 D:\Atmel\ArduinoSketch1\ArduinoSketch1\ArduinoCore\Debug\libArduinoCore.a(HardwareSerial0.o)
 .debug_aranges
                0x00000110       0x38 D:\Atmel\ArduinoSketch1\ArduinoSketch1\ArduinoCore\Debug\libArduinoCore.a(main.o)
 .debug_aranges
                0x00000148      0x100 D:\Atmel\ArduinoSketch1\ArduinoSketch1\ArduinoCore\Debug\libArduinoCore.a(Print.o)
 .debug_aranges
                0x00000248       0x48 D:\Atmel\ArduinoSketch1\ArduinoSketch1\ArduinoCore\Debug\libArduinoCore.a(wiring.o)
 .debug_aranges
                0x00000290       0x38 D:\Atmel\ArduinoSketch1\ArduinoSketch1\ArduinoCore\Debug\libArduinoCore.a(wiring_digital.o)
 .debug_aranges
                0x000002c8      0x2b8 D:\Atmel\ArduinoSketch1\ArduinoSketch1\ArduinoCore\Debug\libArduinoCore.a(WString.o)
 .debug_aranges
                0x00000580      0x140 D:\Atmel\ArduinoSketch1\ArduinoSketch1\ArduinoCore\Debug\libArduinoCore.a(AccelStepper.o)
 .debug_aranges
                0x000006c0       0x40 D:\Atmel\ArduinoSketch1\ArduinoSketch1\ArduinoCore\Debug\libArduinoCore.a(MultiStepper.o)
 .debug_aranges
                0x00000700       0x20 D:\Atmel\ArduinoSketch1\ArduinoSketch1\ArduinoCore\Debug\libArduinoCore.a(hooks.o)

.debug_pubnames
 *(.debug_pubnames)

.debug_info     0x00000000     0xfb9f
 *(.debug_info .gnu.linkonce.wi.*)
 .debug_info    0x00000000      0xbbc C:/Program Files (x86)/Atmel/Studio/7.0/Packs/atmel/ATmega_DFP/1.2.209/gcc/dev/atmega2560/avr6/crtatmega2560.o
 .debug_info    0x00000bbc     0x1db3 Sketch.o
 .debug_info    0x0000296f     0x1f83 D:\Atmel\ArduinoSketch1\ArduinoSketch1\ArduinoCore\Debug\libArduinoCore.a(HardwareSerial.o)
 .debug_info    0x000048f2     0x1b74 D:\Atmel\ArduinoSketch1\ArduinoSketch1\ArduinoCore\Debug\libArduinoCore.a(HardwareSerial0.o)
 .debug_info    0x00006466      0x3b2 D:\Atmel\ArduinoSketch1\ArduinoSketch1\ArduinoCore\Debug\libArduinoCore.a(main.o)
 .debug_info    0x00006818     0x295d D:\Atmel\ArduinoSketch1\ArduinoSketch1\ArduinoCore\Debug\libArduinoCore.a(Print.o)
 .debug_info    0x00009175      0x329 D:\Atmel\ArduinoSketch1\ArduinoSketch1\ArduinoCore\Debug\libArduinoCore.a(wiring.o)
 .debug_info    0x0000949e      0x63a D:\Atmel\ArduinoSketch1\ArduinoSketch1\ArduinoCore\Debug\libArduinoCore.a(wiring_digital.o)
 .debug_info    0x00009ad8     0x4338 D:\Atmel\ArduinoSketch1\ArduinoSketch1\ArduinoCore\Debug\libArduinoCore.a(WString.o)
 .debug_info    0x0000de10     0x180a D:\Atmel\ArduinoSketch1\ArduinoSketch1\ArduinoCore\Debug\libArduinoCore.a(AccelStepper.o)
 .debug_info    0x0000f61a      0x547 D:\Atmel\ArduinoSketch1\ArduinoSketch1\ArduinoCore\Debug\libArduinoCore.a(MultiStepper.o)
 .debug_info    0x0000fb61       0x3e D:\Atmel\ArduinoSketch1\ArduinoSketch1\ArduinoCore\Debug\libArduinoCore.a(hooks.o)

.debug_abbrev   0x00000000     0x2c41
 *(.debug_abbrev)
 .debug_abbrev  0x00000000      0xb1a C:/Program Files (x86)/Atmel/Studio/7.0/Packs/atmel/ATmega_DFP/1.2.209/gcc/dev/atmega2560/avr6/crtatmega2560.o
 .debug_abbrev  0x00000b1a      0x41f Sketch.o
 .debug_abbrev  0x00000f39      0x432 D:\Atmel\ArduinoSketch1\ArduinoSketch1\ArduinoCore\Debug\libArduinoCore.a(HardwareSerial.o)
 .debug_abbrev  0x0000136b      0x3ce D:\Atmel\ArduinoSketch1\ArduinoSketch1\ArduinoCore\Debug\libArduinoCore.a(HardwareSerial0.o)
 .debug_abbrev  0x00001739      0x206 D:\Atmel\ArduinoSketch1\ArduinoSketch1\ArduinoCore\Debug\libArduinoCore.a(main.o)
 .debug_abbrev  0x0000193f      0x47a D:\Atmel\ArduinoSketch1\ArduinoSketch1\ArduinoCore\Debug\libArduinoCore.a(Print.o)
 .debug_abbrev  0x00001db9      0x146 D:\Atmel\ArduinoSketch1\ArduinoSketch1\ArduinoCore\Debug\libArduinoCore.a(wiring.o)
 .debug_abbrev  0x00001eff      0x15a D:\Atmel\ArduinoSketch1\ArduinoSketch1\ArduinoCore\Debug\libArduinoCore.a(wiring_digital.o)
 .debug_abbrev  0x00002059      0x4c2 D:\Atmel\ArduinoSketch1\ArduinoSketch1\ArduinoCore\Debug\libArduinoCore.a(WString.o)
 .debug_abbrev  0x0000251b      0x4ac D:\Atmel\ArduinoSketch1\ArduinoSketch1\ArduinoCore\Debug\libArduinoCore.a(AccelStepper.o)
 .debug_abbrev  0x000029c7      0x250 D:\Atmel\ArduinoSketch1\ArduinoSketch1\ArduinoCore\Debug\libArduinoCore.a(MultiStepper.o)
 .debug_abbrev  0x00002c17       0x2a D:\Atmel\ArduinoSketch1\ArduinoSketch1\ArduinoCore\Debug\libArduinoCore.a(hooks.o)

.debug_line     0x00000000     0x3dac
 *(.debug_line .debug_line.* .debug_line_end)
 .debug_line    0x00000000      0x1f9 C:/Program Files (x86)/Atmel/Studio/7.0/Packs/atmel/ATmega_DFP/1.2.209/gcc/dev/atmega2560/avr6/crtatmega2560.o
 .debug_line    0x000001f9      0x54b Sketch.o
 .debug_line    0x00000744      0x489 D:\Atmel\ArduinoSketch1\ArduinoSketch1\ArduinoCore\Debug\libArduinoCore.a(HardwareSerial.o)
 .debug_line    0x00000bcd      0x288 D:\Atmel\ArduinoSketch1\ArduinoSketch1\ArduinoCore\Debug\libArduinoCore.a(HardwareSerial0.o)
 .debug_line    0x00000e55      0x228 D:\Atmel\ArduinoSketch1\ArduinoSketch1\ArduinoCore\Debug\libArduinoCore.a(main.o)
 .debug_line    0x0000107d      0x681 D:\Atmel\ArduinoSketch1\ArduinoSketch1\ArduinoCore\Debug\libArduinoCore.a(Print.o)
 .debug_line    0x000016fe      0x2cb D:\Atmel\ArduinoSketch1\ArduinoSketch1\ArduinoCore\Debug\libArduinoCore.a(wiring.o)
 .debug_line    0x000019c9      0x284 D:\Atmel\ArduinoSketch1\ArduinoSketch1\ArduinoCore\Debug\libArduinoCore.a(wiring_digital.o)
 .debug_line    0x00001c4d     0x1355 D:\Atmel\ArduinoSketch1\ArduinoSketch1\ArduinoCore\Debug\libArduinoCore.a(WString.o)
 .debug_line    0x00002fa2      0xb48 D:\Atmel\ArduinoSketch1\ArduinoSketch1\ArduinoCore\Debug\libArduinoCore.a(AccelStepper.o)
 .debug_line    0x00003aea      0x281 D:\Atmel\ArduinoSketch1\ArduinoSketch1\ArduinoCore\Debug\libArduinoCore.a(MultiStepper.o)
 .debug_line    0x00003d6b       0x41 D:\Atmel\ArduinoSketch1\ArduinoSketch1\ArduinoCore\Debug\libArduinoCore.a(hooks.o)

.debug_frame    0x00000000     0x1990
 *(.debug_frame)
 .debug_frame   0x00000000      0x1c4 Sketch.o
 .debug_frame   0x000001c4      0x110 D:\Atmel\ArduinoSketch1\ArduinoSketch1\ArduinoCore\Debug\libArduinoCore.a(HardwareSerial.o)
 .debug_frame   0x000002d4       0xe0 D:\Atmel\ArduinoSketch1\ArduinoSketch1\ArduinoCore\Debug\libArduinoCore.a(HardwareSerial0.o)
 .debug_frame   0x000003b4       0x64 D:\Atmel\ArduinoSketch1\ArduinoSketch1\ArduinoCore\Debug\libArduinoCore.a(main.o)
 .debug_frame   0x00000418      0x3ac D:\Atmel\ArduinoSketch1\ArduinoSketch1\ArduinoCore\Debug\libArduinoCore.a(Print.o)
 .debug_frame   0x000007c4       0xc4 D:\Atmel\ArduinoSketch1\ArduinoSketch1\ArduinoCore\Debug\libArduinoCore.a(wiring.o)
 .debug_frame   0x00000888       0x7c D:\Atmel\ArduinoSketch1\ArduinoSketch1\ArduinoCore\Debug\libArduinoCore.a(wiring_digital.o)
 .debug_frame   0x00000904      0xa60 D:\Atmel\ArduinoSketch1\ArduinoSketch1\ArduinoCore\Debug\libArduinoCore.a(WString.o)
 .debug_frame   0x00001364      0x518 D:\Atmel\ArduinoSketch1\ArduinoSketch1\ArduinoCore\Debug\libArduinoCore.a(AccelStepper.o)
 .debug_frame   0x0000187c       0xf0 D:\Atmel\ArduinoSketch1\ArduinoSketch1\ArduinoCore\Debug\libArduinoCore.a(MultiStepper.o)
 .debug_frame   0x0000196c       0x24 D:\Atmel\ArduinoSketch1\ArduinoSketch1\ArduinoCore\Debug\libArduinoCore.a(hooks.o)

.debug_str      0x00000000     0x30b2
 *(.debug_str)
 .debug_str     0x00000000      0x3e6 C:/Program Files (x86)/Atmel/Studio/7.0/Packs/atmel/ATmega_DFP/1.2.209/gcc/dev/atmega2560/avr6/crtatmega2560.o
 .debug_str     0x000003e6     0x1149 Sketch.o
                               0x1230 (size before relaxing)
 .debug_str     0x0000152f      0x8ac D:\Atmel\ArduinoSketch1\ArduinoSketch1\ArduinoCore\Debug\libArduinoCore.a(HardwareSerial.o)
                               0x16b0 (size before relaxing)
 .debug_str     0x00001ddb       0x86 D:\Atmel\ArduinoSketch1\ArduinoSketch1\ArduinoCore\Debug\libArduinoCore.a(HardwareSerial0.o)
                               0x13f4 (size before relaxing)
 .debug_str     0x00001e61       0x56 D:\Atmel\ArduinoSketch1\ArduinoSketch1\ArduinoCore\Debug\libArduinoCore.a(main.o)
                                0x340 (size before relaxing)
 .debug_str     0x00001eb7      0x378 D:\Atmel\ArduinoSketch1\ArduinoSketch1\ArduinoCore\Debug\libArduinoCore.a(Print.o)
                               0x122e (size before relaxing)
 .debug_str     0x0000222f      0x164 D:\Atmel\ArduinoSketch1\ArduinoSketch1\ArduinoCore\Debug\libArduinoCore.a(wiring.o)
                                0x236 (size before relaxing)
 .debug_str     0x00002393       0xcf D:\Atmel\ArduinoSketch1\ArduinoSketch1\ArduinoCore\Debug\libArduinoCore.a(wiring_digital.o)
                                0x29b (size before relaxing)
 .debug_str     0x00002462      0x403 D:\Atmel\ArduinoSketch1\ArduinoSketch1\ArduinoCore\Debug\libArduinoCore.a(WString.o)
                               0x1181 (size before relaxing)
 .debug_str     0x00002865      0x7b8 D:\Atmel\ArduinoSketch1\ArduinoSketch1\ArduinoCore\Debug\libArduinoCore.a(AccelStepper.o)
                                0xb84 (size before relaxing)
 .debug_str     0x0000301d       0x79 D:\Atmel\ArduinoSketch1\ArduinoSketch1\ArduinoCore\Debug\libArduinoCore.a(MultiStepper.o)
                                0x4b6 (size before relaxing)
 .debug_str     0x00003096       0x1c D:\Atmel\ArduinoSketch1\ArduinoSketch1\ArduinoCore\Debug\libArduinoCore.a(hooks.o)
                                0x12b (size before relaxing)

.debug_loc      0x00000000     0x9094
 *(.debug_loc)
 .debug_loc     0x00000000      0x41d Sketch.o
 .debug_loc     0x0000041d      0x482 D:\Atmel\ArduinoSketch1\ArduinoSketch1\ArduinoCore\Debug\libArduinoCore.a(HardwareSerial.o)
 .debug_loc     0x0000089f      0x1b0 D:\Atmel\ArduinoSketch1\ArduinoSketch1\ArduinoCore\Debug\libArduinoCore.a(HardwareSerial0.o)
 .debug_loc     0x00000a4f       0x16 D:\Atmel\ArduinoSketch1\ArduinoSketch1\ArduinoCore\Debug\libArduinoCore.a(main.o)
 .debug_loc     0x00000a65     0x1c87 D:\Atmel\ArduinoSketch1\ArduinoSketch1\ArduinoCore\Debug\libArduinoCore.a(Print.o)
 .debug_loc     0x000026ec      0x28d D:\Atmel\ArduinoSketch1\ArduinoSketch1\ArduinoCore\Debug\libArduinoCore.a(wiring.o)
 .debug_loc     0x00002979      0x56b D:\Atmel\ArduinoSketch1\ArduinoSketch1\ArduinoCore\Debug\libArduinoCore.a(wiring_digital.o)
 .debug_loc     0x00002ee4     0x422d D:\Atmel\ArduinoSketch1\ArduinoSketch1\ArduinoCore\Debug\libArduinoCore.a(WString.o)
 .debug_loc     0x00007111     0x18b2 D:\Atmel\ArduinoSketch1\ArduinoSketch1\ArduinoCore\Debug\libArduinoCore.a(AccelStepper.o)
 .debug_loc     0x000089c3      0x6d1 D:\Atmel\ArduinoSketch1\ArduinoSketch1\ArduinoCore\Debug\libArduinoCore.a(MultiStepper.o)

.debug_macinfo
 *(.debug_macinfo)

.debug_weaknames
 *(.debug_weaknames)

.debug_funcnames
 *(.debug_funcnames)

.debug_typenames
 *(.debug_typenames)

.debug_varnames
 *(.debug_varnames)

.debug_pubtypes
 *(.debug_pubtypes)

.debug_ranges   0x00000000      0x7e0
 *(.debug_ranges)
 .debug_ranges  0x00000000       0x80 Sketch.o
 .debug_ranges  0x00000080       0x58 D:\Atmel\ArduinoSketch1\ArduinoSketch1\ArduinoCore\Debug\libArduinoCore.a(HardwareSerial.o)
 .debug_ranges  0x000000d8       0x38 D:\Atmel\ArduinoSketch1\ArduinoSketch1\ArduinoCore\Debug\libArduinoCore.a(HardwareSerial0.o)
 .debug_ranges  0x00000110       0x28 D:\Atmel\ArduinoSketch1\ArduinoSketch1\ArduinoCore\Debug\libArduinoCore.a(main.o)
 .debug_ranges  0x00000138      0x120 D:\Atmel\ArduinoSketch1\ArduinoSketch1\ArduinoCore\Debug\libArduinoCore.a(Print.o)
 .debug_ranges  0x00000258       0x38 D:\Atmel\ArduinoSketch1\ArduinoSketch1\ArduinoCore\Debug\libArduinoCore.a(wiring.o)
 .debug_ranges  0x00000290       0x28 D:\Atmel\ArduinoSketch1\ArduinoSketch1\ArduinoCore\Debug\libArduinoCore.a(wiring_digital.o)
 .debug_ranges  0x000002b8      0x2f8 D:\Atmel\ArduinoSketch1\ArduinoSketch1\ArduinoCore\Debug\libArduinoCore.a(WString.o)
 .debug_ranges  0x000005b0      0x1f0 D:\Atmel\ArduinoSketch1\ArduinoSketch1\ArduinoCore\Debug\libArduinoCore.a(AccelStepper.o)
 .debug_ranges  0x000007a0       0x30 D:\Atmel\ArduinoSketch1\ArduinoSketch1\ArduinoCore\Debug\libArduinoCore.a(MultiStepper.o)
 .debug_ranges  0x000007d0       0x10 D:\Atmel\ArduinoSketch1\ArduinoSketch1\ArduinoCore\Debug\libArduinoCore.a(hooks.o)

.debug_macro
 *(.debug_macro)
OUTPUT(MaximTest.elf elf32-avr)
LOAD linker stubs
